Archive member included to satisfy reference by file (symbol)

c:/st/stm32cubeide_1.10.1/stm32cubeide/plugins/com.st.stm32cube.ide.mcu.externaltools.gnu-tools-for-stm32.10.3-2021.10.win32_1.0.0.202111181127/tools/bin/../lib/gcc/arm-none-eabi/10.3.1/../../../../arm-none-eabi/lib/thumb/v7e-m+fp/hard\libc_nano.a(lib_a-errno.o)
                              ./Core/Src/syscalls.o (__errno)
c:/st/stm32cubeide_1.10.1/stm32cubeide/plugins/com.st.stm32cube.ide.mcu.externaltools.gnu-tools-for-stm32.10.3-2021.10.win32_1.0.0.202111181127/tools/bin/../lib/gcc/arm-none-eabi/10.3.1/../../../../arm-none-eabi/lib/thumb/v7e-m+fp/hard\libc_nano.a(lib_a-exit.o)
                              c:/st/stm32cubeide_1.10.1/stm32cubeide/plugins/com.st.stm32cube.ide.mcu.externaltools.gnu-tools-for-stm32.10.3-2021.10.win32_1.0.0.202111181127/tools/bin/../lib/gcc/arm-none-eabi/10.3.1/../../../../arm-none-eabi/lib/thumb/v7e-m+fp/hard/crt0.o (exit)
c:/st/stm32cubeide_1.10.1/stm32cubeide/plugins/com.st.stm32cube.ide.mcu.externaltools.gnu-tools-for-stm32.10.3-2021.10.win32_1.0.0.202111181127/tools/bin/../lib/gcc/arm-none-eabi/10.3.1/../../../../arm-none-eabi/lib/thumb/v7e-m+fp/hard\libc_nano.a(lib_a-impure.o)
                              c:/st/stm32cubeide_1.10.1/stm32cubeide/plugins/com.st.stm32cube.ide.mcu.externaltools.gnu-tools-for-stm32.10.3-2021.10.win32_1.0.0.202111181127/tools/bin/../lib/gcc/arm-none-eabi/10.3.1/../../../../arm-none-eabi/lib/thumb/v7e-m+fp/hard\libc_nano.a(lib_a-exit.o) (_global_impure_ptr)
c:/st/stm32cubeide_1.10.1/stm32cubeide/plugins/com.st.stm32cube.ide.mcu.externaltools.gnu-tools-for-stm32.10.3-2021.10.win32_1.0.0.202111181127/tools/bin/../lib/gcc/arm-none-eabi/10.3.1/../../../../arm-none-eabi/lib/thumb/v7e-m+fp/hard\libc_nano.a(lib_a-init.o)
                              c:/st/stm32cubeide_1.10.1/stm32cubeide/plugins/com.st.stm32cube.ide.mcu.externaltools.gnu-tools-for-stm32.10.3-2021.10.win32_1.0.0.202111181127/tools/bin/../lib/gcc/arm-none-eabi/10.3.1/../../../../arm-none-eabi/lib/thumb/v7e-m+fp/hard/crt0.o (__libc_init_array)
c:/st/stm32cubeide_1.10.1/stm32cubeide/plugins/com.st.stm32cube.ide.mcu.externaltools.gnu-tools-for-stm32.10.3-2021.10.win32_1.0.0.202111181127/tools/bin/../lib/gcc/arm-none-eabi/10.3.1/../../../../arm-none-eabi/lib/thumb/v7e-m+fp/hard\libc_nano.a(lib_a-memset.o)
                              c:/st/stm32cubeide_1.10.1/stm32cubeide/plugins/com.st.stm32cube.ide.mcu.externaltools.gnu-tools-for-stm32.10.3-2021.10.win32_1.0.0.202111181127/tools/bin/../lib/gcc/arm-none-eabi/10.3.1/../../../../arm-none-eabi/lib/thumb/v7e-m+fp/hard/crt0.o (memset)
c:/st/stm32cubeide_1.10.1/stm32cubeide/plugins/com.st.stm32cube.ide.mcu.externaltools.gnu-tools-for-stm32.10.3-2021.10.win32_1.0.0.202111181127/tools/bin/../lib/gcc/arm-none-eabi/10.3.1/thumb/v7e-m+fp/hard\libgcc.a(_aeabi_uldivmod.o)
                              ./Drivers/STM32F4xx_HAL_Driver/Src/stm32f4xx_hal_rcc.o (__aeabi_uldivmod)
c:/st/stm32cubeide_1.10.1/stm32cubeide/plugins/com.st.stm32cube.ide.mcu.externaltools.gnu-tools-for-stm32.10.3-2021.10.win32_1.0.0.202111181127/tools/bin/../lib/gcc/arm-none-eabi/10.3.1/thumb/v7e-m+fp/hard\libgcc.a(_udivmoddi4.o)
                              c:/st/stm32cubeide_1.10.1/stm32cubeide/plugins/com.st.stm32cube.ide.mcu.externaltools.gnu-tools-for-stm32.10.3-2021.10.win32_1.0.0.202111181127/tools/bin/../lib/gcc/arm-none-eabi/10.3.1/thumb/v7e-m+fp/hard\libgcc.a(_aeabi_uldivmod.o) (__udivmoddi4)
c:/st/stm32cubeide_1.10.1/stm32cubeide/plugins/com.st.stm32cube.ide.mcu.externaltools.gnu-tools-for-stm32.10.3-2021.10.win32_1.0.0.202111181127/tools/bin/../lib/gcc/arm-none-eabi/10.3.1/thumb/v7e-m+fp/hard\libgcc.a(_dvmd_tls.o)
                              c:/st/stm32cubeide_1.10.1/stm32cubeide/plugins/com.st.stm32cube.ide.mcu.externaltools.gnu-tools-for-stm32.10.3-2021.10.win32_1.0.0.202111181127/tools/bin/../lib/gcc/arm-none-eabi/10.3.1/thumb/v7e-m+fp/hard\libgcc.a(_aeabi_uldivmod.o) (__aeabi_ldiv0)

Discarded input sections

 .text          0x0000000000000000        0x0 c:/st/stm32cubeide_1.10.1/stm32cubeide/plugins/com.st.stm32cube.ide.mcu.externaltools.gnu-tools-for-stm32.10.3-2021.10.win32_1.0.0.202111181127/tools/bin/../lib/gcc/arm-none-eabi/10.3.1/thumb/v7e-m+fp/hard/crti.o
 .data          0x0000000000000000        0x0 c:/st/stm32cubeide_1.10.1/stm32cubeide/plugins/com.st.stm32cube.ide.mcu.externaltools.gnu-tools-for-stm32.10.3-2021.10.win32_1.0.0.202111181127/tools/bin/../lib/gcc/arm-none-eabi/10.3.1/thumb/v7e-m+fp/hard/crti.o
 .bss           0x0000000000000000        0x0 c:/st/stm32cubeide_1.10.1/stm32cubeide/plugins/com.st.stm32cube.ide.mcu.externaltools.gnu-tools-for-stm32.10.3-2021.10.win32_1.0.0.202111181127/tools/bin/../lib/gcc/arm-none-eabi/10.3.1/thumb/v7e-m+fp/hard/crti.o
[...]
Memory Configuration

Name             Origin             Length             Attributes
RAM              0x0000000020000000 0x0000000000010000 xrw
FLASH            0x0000000008000000 0x0000000000040000 xr
*default*        0x0000000000000000 0xffffffffffffffff

Linker script and memory map

LOAD c:/st/stm32cubeide_1.10.1/stm32cubeide/plugins/com.st.stm32cube.ide.mcu.externaltools.gnu-tools-for-stm32.10.3-2021.10.win32_1.0.0.202111181127/tools/bin/../lib/gcc/arm-none-eabi/10.3.1/thumb/v7e-m+fp/hard/crti.o
LOAD c:/st/stm32cubeide_1.10.1/stm32cubeide/plugins/com.st.stm32cube.ide.mcu.externaltools.gnu-tools-for-stm32.10.3-2021.10.win32_1.0.0.202111181127/tools/bin/../lib/gcc/arm-none-eabi/10.3.1/thumb/v7e-m+fp/hard/crtbegin.o
LOAD c:/st/stm32cubeide_1.10.1/stm32cubeide/plugins/com.st.stm32cube.ide.mcu.externaltools.gnu-tools-for-stm32.10.3-2021.10.win32_1.0.0.202111181127/tools/bin/../lib/gcc/arm-none-eabi/10.3.1/../../../../arm-none-eabi/lib/thumb/v7e-m+fp/hard/crt0.o
LOAD ./Core/Src/main.o
LOAD ./Core/Src/stm32f4xx_hal_msp.o
LOAD ./Core/Src/stm32f4xx_it.o
LOAD ./Core/Src/syscalls.o
LOAD ./Core/Src/sysmem.o
LOAD ./Core/Src/system_stm32f4xx.o
LOAD ./Core/Startup/startup_stm32f401ccux.o
LOAD ./Drivers/STM32F4xx_HAL_Driver/Src/stm32f4xx_hal.o
LOAD ./Drivers/STM32F4xx_HAL_Driver/Src/stm32f4xx_hal_cortex.o
LOAD ./Drivers/STM32F4xx_HAL_Driver/Src/stm32f4xx_hal_dma.o
LOAD ./Drivers/STM32F4xx_HAL_Driver/Src/stm32f4xx_hal_dma_ex.o
LOAD ./Drivers/STM32F4xx_HAL_Driver/Src/stm32f4xx_hal_exti.o
LOAD ./Drivers/STM32F4xx_HAL_Driver/Src/stm32f4xx_hal_flash.o
LOAD ./Drivers/STM32F4xx_HAL_Driver/Src/stm32f4xx_hal_flash_ex.o
LOAD ./Drivers/STM32F4xx_HAL_Driver/Src/stm32f4xx_hal_flash_ramfunc.o
LOAD ./Drivers/STM32F4xx_HAL_Driver/Src/stm32f4xx_hal_gpio.o
LOAD ./Drivers/STM32F4xx_HAL_Driver/Src/stm32f4xx_hal_pcd.o
LOAD ./Drivers/STM32F4xx_HAL_Driver/Src/stm32f4xx_hal_pcd_ex.o
LOAD ./Drivers/STM32F4xx_HAL_Driver/Src/stm32f4xx_hal_pwr.o
LOAD ./Drivers/STM32F4xx_HAL_Driver/Src/stm32f4xx_hal_pwr_ex.o
LOAD ./Drivers/STM32F4xx_HAL_Driver/Src/stm32f4xx_hal_rcc.o
LOAD ./Drivers/STM32F4xx_HAL_Driver/Src/stm32f4xx_hal_rcc_ex.o
LOAD ./Drivers/STM32F4xx_HAL_Driver/Src/stm32f4xx_ll_usb.o
LOAD ./Middlewares/ST/STM32_USB_Device_Library/Class/HID/Src/usbd_hid.o
LOAD ./Middlewares/ST/STM32_USB_Device_Library/Core/Src/usbd_core.o
LOAD ./Middlewares/ST/STM32_USB_Device_Library/Core/Src/usbd_ctlreq.o
LOAD ./Middlewares/ST/STM32_USB_Device_Library/Core/Src/usbd_ioreq.o
LOAD ./USB_DEVICE/App/usb_device.o
LOAD ./USB_DEVICE/App/usbd_desc.o
LOAD ./USB_DEVICE/Target/usbd_conf.o
START GROUP
LOAD c:/st/stm32cubeide_1.10.1/stm32cubeide/plugins/com.st.stm32cube.ide.mcu.externaltools.gnu-tools-for-stm32.10.3-2021.10.win32_1.0.0.202111181127/tools/bin/../lib/gcc/arm-none-eabi/10.3.1/../../../../arm-none-eabi/lib/thumb/v7e-m+fp/hard\libc_nano.a
LOAD c:/st/stm32cubeide_1.10.1/stm32cubeide/plugins/com.st.stm32cube.ide.mcu.externaltools.gnu-tools-for-stm32.10.3-2021.10.win32_1.0.0.202111181127/tools/bin/../lib/gcc/arm-none-eabi/10.3.1/../../../../arm-none-eabi/lib/thumb/v7e-m+fp/hard\libm.a
END GROUP
START GROUP
LOAD c:/st/stm32cubeide_1.10.1/stm32cubeide/plugins/com.st.stm32cube.ide.mcu.externaltools.gnu-tools-for-stm32.10.3-2021.10.win32_1.0.0.202111181127/tools/bin/../lib/gcc/arm-none-eabi/10.3.1/thumb/v7e-m+fp/hard\libgcc.a
LOAD c:/st/stm32cubeide_1.10.1/stm32cubeide/plugins/com.st.stm32cube.ide.mcu.externaltools.gnu-tools-for-stm32.10.3-2021.10.win32_1.0.0.202111181127/tools/bin/../lib/gcc/arm-none-eabi/10.3.1/../../../../arm-none-eabi/lib/thumb/v7e-m+fp/hard\libc_nano.a
END GROUP
START GROUP
LOAD c:/st/stm32cubeide_1.10.1/stm32cubeide/plugins/com.st.stm32cube.ide.mcu.externaltools.gnu-tools-for-stm32.10.3-2021.10.win32_1.0.0.202111181127/tools/bin/../lib/gcc/arm-none-eabi/10.3.1/thumb/v7e-m+fp/hard\libgcc.a
LOAD c:/st/stm32cubeide_1.10.1/stm32cubeide/plugins/com.st.stm32cube.ide.mcu.externaltools.gnu-tools-for-stm32.10.3-2021.10.win32_1.0.0.202111181127/tools/bin/../lib/gcc/arm-none-eabi/10.3.1/../../../../arm-none-eabi/lib/thumb/v7e-m+fp/hard\libc_nano.a
LOAD c:/st/stm32cubeide_1.10.1/stm32cubeide/plugins/com.st.stm32cube.ide.mcu.externaltools.gnu-tools-for-stm32.10.3-2021.10.win32_1.0.0.202111181127/tools/bin/../lib/gcc/arm-none-eabi/10.3.1/../../../../arm-none-eabi/lib/thumb/v7e-m+fp/hard\libnosys.a
END GROUP
START GROUP
LOAD c:/st/stm32cubeide_1.10.1/stm32cubeide/plugins/com.st.stm32cube.ide.mcu.externaltools.gnu-tools-for-stm32.10.3-2021.10.win32_1.0.0.202111181127/tools/bin/../lib/gcc/arm-none-eabi/10.3.1/thumb/v7e-m+fp/hard\libgcc.a
LOAD c:/st/stm32cubeide_1.10.1/stm32cubeide/plugins/com.st.stm32cube.ide.mcu.externaltools.gnu-tools-for-stm32.10.3-2021.10.win32_1.0.0.202111181127/tools/bin/../lib/gcc/arm-none-eabi/10.3.1/../../../../arm-none-eabi/lib/thumb/v7e-m+fp/hard\libc_nano.a
LOAD c:/st/stm32cubeide_1.10.1/stm32cubeide/plugins/com.st.stm32cube.ide.mcu.externaltools.gnu-tools-for-stm32.10.3-2021.10.win32_1.0.0.202111181127/tools/bin/../lib/gcc/arm-none-eabi/10.3.1/../../../../arm-none-eabi/lib/thumb/v7e-m+fp/hard\libnosys.a
END GROUP
LOAD c:/st/stm32cubeide_1.10.1/stm32cubeide/plugins/com.st.stm32cube.ide.mcu.externaltools.gnu-tools-for-stm32.10.3-2021.10.win32_1.0.0.202111181127/tools/bin/../lib/gcc/arm-none-eabi/10.3.1/thumb/v7e-m+fp/hard/crtend.o
LOAD c:/st/stm32cubeide_1.10.1/stm32cubeide/plugins/com.st.stm32cube.ide.mcu.externaltools.gnu-tools-for-stm32.10.3-2021.10.win32_1.0.0.202111181127/tools/bin/../lib/gcc/arm-none-eabi/10.3.1/thumb/v7e-m+fp/hard/crtn.o
                0x0000000020010000                _estack = (ORIGIN (RAM) + LENGTH (RAM))
                0x0000000000000200                _Min_Heap_Size = 0x200
                0x0000000000000400                _Min_Stack_Size = 0x400

.isr_vector     0x0000000008000000      0x194
                0x0000000008000000                . = ALIGN (0x4)
 *(.isr_vector)
 .isr_vector    0x0000000008000000      0x194 ./Core/Startup/startup_stm32f401ccux.o
                0x0000000008000000                g_pfnVectors
                0x0000000008000194                . = ALIGN (0x4)

.text           0x0000000008000194     0x659c
                0x0000000008000194                . = ALIGN (0x4)
 *(.text)
 .text          0x0000000008000194       0x40 c:/st/stm32cubeide_1.10.1/stm32cubeide/plugins/com.st.stm32cube.ide.mcu.externaltools.gnu-tools-for-stm32.10.3-2021.10.win32_1.0.0.202111181127/tools/bin/../lib/gcc/arm-none-eabi/10.3.1/thumb/v7e-m+fp/hard/crtbegin.o
 .text          0x00000000080001d4       0x30 c:/st/stm32cubeide_1.10.1/stm32cubeide/plugins/com.st.stm32cube.ide.mcu.externaltools.gnu-tools-for-stm32.10.3-2021.10.win32_1.0.0.202111181127/tools/bin/../lib/gcc/arm-none-eabi/10.3.1/thumb/v7e-m+fp/hard\libgcc.a(_aeabi_uldivmod.o)
                0x00000000080001d4                __aeabi_uldivmod
 .text          0x0000000008000204      0x2d0 c:/st/stm32cubeide_1.10.1/stm32cubeide/plugins/com.st.stm32cube.ide.mcu.externaltools.gnu-tools-for-stm32.10.3-2021.10.win32_1.0.0.202111181127/tools/bin/../lib/gcc/arm-none-eabi/10.3.1/thumb/v7e-m+fp/hard\libgcc.a(_udivmoddi4.o)
                0x0000000008000204                __udivmoddi4
 .text          0x00000000080004d4        0x4 c:/st/stm32cubeide_1.10.1/stm32cubeide/plugins/com.st.stm32cube.ide.mcu.externaltools.gnu-tools-for-stm32.10.3-2021.10.win32_1.0.0.202111181127/tools/bin/../lib/gcc/arm-none-eabi/10.3.1/thumb/v7e-m+fp/hard\libgcc.a(_dvmd_tls.o)
                0x00000000080004d4                __aeabi_idiv0
                0x00000000080004d4                __aeabi_ldiv0
 *(.text*)
 .text.main     0x00000000080004d8       0x64 ./Core/Src/main.o
                0x00000000080004d8                main
 .text.SystemClock_Config
                0x000000000800053c       0xd8 ./Core/Src/main.o
                0x000000000800053c                SystemClock_Config
 .text.MX_GPIO_Init
                0x0000000008000614       0x94 ./Core/Src/main.o
 .text.Error_Handler
                0x00000000080006a8        0xa ./Core/Src/main.o
                0x00000000080006a8                Error_Handler
 *fill*         0x00000000080006b2        0x2 
 .text.HAL_MspInit
                0x00000000080006b4       0x50 ./Core/Src/stm32f4xx_hal_msp.o
                0x00000000080006b4                HAL_MspInit
 .text.NMI_Handler
                0x0000000008000704        0x6 ./Core/Src/stm32f4xx_it.o
                0x0000000008000704                NMI_Handler
 .text.HardFault_Handler
                0x000000000800070a        0x6 ./Core/Src/stm32f4xx_it.o
                0x000000000800070a                HardFault_Handler
 .text.MemManage_Handler
                0x0000000008000710        0x6 ./Core/Src/stm32f4xx_it.o
                0x0000000008000710                MemManage_Handler
 .text.BusFault_Handler
                0x0000000008000716        0x6 ./Core/Src/stm32f4xx_it.o
                0x0000000008000716                BusFault_Handler
 .text.UsageFault_Handler
                0x000000000800071c        0x6 ./Core/Src/stm32f4xx_it.o
                0x000000000800071c                UsageFault_Handler
 .text.SVC_Handler
                0x0000000008000722        0xe ./Core/Src/stm32f4xx_it.o
                0x0000000008000722                SVC_Handler
 .text.DebugMon_Handler
                0x0000000008000730        0xe ./Core/Src/stm32f4xx_it.o
                0x0000000008000730                DebugMon_Handler
 .text.PendSV_Handler
                0x000000000800073e        0xe ./Core/Src/stm32f4xx_it.o
                0x000000000800073e                PendSV_Handler
 .text.SysTick_Handler
                0x000000000800074c        0xc ./Core/Src/stm32f4xx_it.o
                0x000000000800074c                SysTick_Handler
 .text.OTG_FS_IRQHandler
                0x0000000008000758       0x14 ./Core/Src/stm32f4xx_it.o
                0x0000000008000758                OTG_FS_IRQHandler
 .text.SystemInit
                0x000000000800076c       0x24 ./Core/Src/system_stm32f4xx.o
                0x000000000800076c                SystemInit
 .text.Reset_Handler
                0x0000000008000790       0x50 ./Core/Startup/startup_stm32f401ccux.o
                0x0000000008000790                Reset_Handler
 .text.Default_Handler
                0x00000000080007e0        0x2 ./Core/Startup/startup_stm32f401ccux.o
                0x00000000080007e0                RTC_Alarm_IRQHandler
                0x00000000080007e0                EXTI2_IRQHandler
                0x00000000080007e0                SPI4_IRQHandler
                0x00000000080007e0                TIM1_CC_IRQHandler
                0x00000000080007e0                DMA2_Stream5_IRQHandler
                0x00000000080007e0                DMA1_Stream5_IRQHandler
                0x00000000080007e0                PVD_IRQHandler
                0x00000000080007e0                SDIO_IRQHandler
                0x00000000080007e0                TAMP_STAMP_IRQHandler
                0x00000000080007e0                EXTI3_IRQHandler
                0x00000000080007e0                TIM1_UP_TIM10_IRQHandler
                0x00000000080007e0                I2C3_ER_IRQHandler
                0x00000000080007e0                EXTI0_IRQHandler
                0x00000000080007e0                I2C2_EV_IRQHandler
                0x00000000080007e0                DMA1_Stream2_IRQHandler
                0x00000000080007e0                FPU_IRQHandler
                0x00000000080007e0                DMA2_Stream2_IRQHandler
                0x00000000080007e0                SPI1_IRQHandler
                0x00000000080007e0                TIM1_BRK_TIM9_IRQHandler
                0x00000000080007e0                DMA2_Stream3_IRQHandler
                0x00000000080007e0                USART6_IRQHandler
                0x00000000080007e0                DMA2_Stream0_IRQHandler
                0x00000000080007e0                TIM4_IRQHandler
                0x00000000080007e0                I2C1_EV_IRQHandler
                0x00000000080007e0                DMA1_Stream6_IRQHandler
                0x00000000080007e0                DMA1_Stream1_IRQHandler
                0x00000000080007e0                TIM3_IRQHandler
                0x00000000080007e0                RCC_IRQHandler
                0x00000000080007e0                Default_Handler
                0x00000000080007e0                EXTI15_10_IRQHandler
                0x00000000080007e0                ADC_IRQHandler
                0x00000000080007e0                DMA1_Stream7_IRQHandler
                0x00000000080007e0                TIM5_IRQHandler
                0x00000000080007e0                DMA2_Stream7_IRQHandler
                0x00000000080007e0                I2C3_EV_IRQHandler
                0x00000000080007e0                EXTI9_5_IRQHandler
                0x00000000080007e0                RTC_WKUP_IRQHandler
                0x00000000080007e0                SPI2_IRQHandler
                0x00000000080007e0                DMA1_Stream0_IRQHandler
                0x00000000080007e0                EXTI4_IRQHandler
                0x00000000080007e0                WWDG_IRQHandler
                0x00000000080007e0                TIM2_IRQHandler
                0x00000000080007e0                OTG_FS_WKUP_IRQHandler
                0x00000000080007e0                TIM1_TRG_COM_TIM11_IRQHandler
                0x00000000080007e0                EXTI1_IRQHandler
                0x00000000080007e0                USART2_IRQHandler
                0x00000000080007e0                I2C2_ER_IRQHandler
                0x00000000080007e0                DMA2_Stream1_IRQHandler
                0x00000000080007e0                FLASH_IRQHandler
                0x00000000080007e0                DMA2_Stream4_IRQHandler
                0x00000000080007e0                USART1_IRQHandler
                0x00000000080007e0                SPI3_IRQHandler
                0x00000000080007e0                DMA1_Stream4_IRQHandler
                0x00000000080007e0                I2C1_ER_IRQHandler
                0x00000000080007e0                DMA2_Stream6_IRQHandler
                0x00000000080007e0                DMA1_Stream3_IRQHandler
 *fill*         0x00000000080007e2        0x2 
 .text.HAL_Init
                0x00000000080007e4       0x44 ./Drivers/STM32F4xx_HAL_Driver/Src/stm32f4xx_hal.o
                0x00000000080007e4                HAL_Init
 .text.HAL_InitTick
                0x0000000008000828       0x60 ./Drivers/STM32F4xx_HAL_Driver/Src/stm32f4xx_hal.o
                0x0000000008000828                HAL_InitTick
 .text.HAL_IncTick
                0x0000000008000888       0x28 ./Drivers/STM32F4xx_HAL_Driver/Src/stm32f4xx_hal.o
                0x0000000008000888                HAL_IncTick
 .text.HAL_GetTick
                0x00000000080008b0       0x18 ./Drivers/STM32F4xx_HAL_Driver/Src/stm32f4xx_hal.o
                0x00000000080008b0                HAL_GetTick
 .text.HAL_Delay
                0x00000000080008c8       0x48 ./Drivers/STM32F4xx_HAL_Driver/Src/stm32f4xx_hal.o
                0x00000000080008c8                HAL_Delay
 .text.__NVIC_SetPriorityGrouping
                0x0000000008000910       0x48 ./Drivers/STM32F4xx_HAL_Driver/Src/stm32f4xx_hal_cortex.o
 .text.__NVIC_GetPriorityGrouping
                0x0000000008000958       0x1c ./Drivers/STM32F4xx_HAL_Driver/Src/stm32f4xx_hal_cortex.o
 .text.__NVIC_EnableIRQ
                0x0000000008000974       0x3c ./Drivers/STM32F4xx_HAL_Driver/Src/stm32f4xx_hal_cortex.o
 .text.__NVIC_SetPriority
                0x00000000080009b0       0x54 ./Drivers/STM32F4xx_HAL_Driver/Src/stm32f4xx_hal_cortex.o
 .text.NVIC_EncodePriority
                0x0000000008000a04       0x66 ./Drivers/STM32F4xx_HAL_Driver/Src/stm32f4xx_hal_cortex.o
 *fill*         0x0000000008000a6a        0x2 
 .text.SysTick_Config
                0x0000000008000a6c       0x44 ./Drivers/STM32F4xx_HAL_Driver/Src/stm32f4xx_hal_cortex.o
 .text.HAL_NVIC_SetPriorityGrouping
                0x0000000008000ab0       0x16 ./Drivers/STM32F4xx_HAL_Driver/Src/stm32f4xx_hal_cortex.o
                0x0000000008000ab0                HAL_NVIC_SetPriorityGrouping
 .text.HAL_NVIC_SetPriority
                0x0000000008000ac6       0x38 ./Drivers/STM32F4xx_HAL_Driver/Src/stm32f4xx_hal_cortex.o
                0x0000000008000ac6                HAL_NVIC_SetPriority
 .text.HAL_NVIC_EnableIRQ
                0x0000000008000afe       0x1c ./Drivers/STM32F4xx_HAL_Driver/Src/stm32f4xx_hal_cortex.o
                0x0000000008000afe                HAL_NVIC_EnableIRQ
 .text.HAL_SYSTICK_Config
                0x0000000008000b1a       0x18 ./Drivers/STM32F4xx_HAL_Driver/Src/stm32f4xx_hal_cortex.o
                0x0000000008000b1a                HAL_SYSTICK_Config
 *fill*         0x0000000008000b32        0x2 
 .text.HAL_GPIO_Init
                0x0000000008000b34      0x308 ./Drivers/STM32F4xx_HAL_Driver/Src/stm32f4xx_hal_gpio.o
                0x0000000008000b34                HAL_GPIO_Init
 .text.HAL_PCD_Init
                0x0000000008000e3c      0x23a ./Drivers/STM32F4xx_HAL_Driver/Src/stm32f4xx_hal_pcd.o
                0x0000000008000e3c                HAL_PCD_Init
 .text.HAL_PCD_Start
                0x0000000008001076       0x66 ./Drivers/STM32F4xx_HAL_Driver/Src/stm32f4xx_hal_pcd.o
                0x0000000008001076                HAL_PCD_Start
 .text.HAL_PCD_IRQHandler
                0x00000000080010dc      0x93e ./Drivers/STM32F4xx_HAL_Driver/Src/stm32f4xx_hal_pcd.o
                0x00000000080010dc                HAL_PCD_IRQHandler
 .text.HAL_PCD_SetAddress
                0x0000000008001a1a       0x4a ./Drivers/STM32F4xx_HAL_Driver/Src/stm32f4xx_hal_pcd.o
                0x0000000008001a1a                HAL_PCD_SetAddress
 .text.HAL_PCD_EP_Open
                0x0000000008001a64       0xd0 ./Drivers/STM32F4xx_HAL_Driver/Src/stm32f4xx_hal_pcd.o
                0x0000000008001a64                HAL_PCD_EP_Open
 .text.HAL_PCD_EP_Close
                0x0000000008001b34       0x94 ./Drivers/STM32F4xx_HAL_Driver/Src/stm32f4xx_hal_pcd.o
                0x0000000008001b34                HAL_PCD_EP_Close
 .text.HAL_PCD_EP_Receive
                0x0000000008001bc8       0x96 ./Drivers/STM32F4xx_HAL_Driver/Src/stm32f4xx_hal_pcd.o
                0x0000000008001bc8                HAL_PCD_EP_Receive
 .text.HAL_PCD_EP_Transmit
                0x0000000008001c5e       0x94 ./Drivers/STM32F4xx_HAL_Driver/Src/stm32f4xx_hal_pcd.o
                0x0000000008001c5e                HAL_PCD_EP_Transmit
 .text.HAL_PCD_EP_SetStall
                0x0000000008001cf2       0xc8 ./Drivers/STM32F4xx_HAL_Driver/Src/stm32f4xx_hal_pcd.o
                0x0000000008001cf2                HAL_PCD_EP_SetStall
 .text.HAL_PCD_EP_ClrStall
                0x0000000008001dba       0xac ./Drivers/STM32F4xx_HAL_Driver/Src/stm32f4xx_hal_pcd.o
                0x0000000008001dba                HAL_PCD_EP_ClrStall
 .text.HAL_PCD_EP_Abort
                0x0000000008001e66       0x62 ./Drivers/STM32F4xx_HAL_Driver/Src/stm32f4xx_hal_pcd.o
                0x0000000008001e66                HAL_PCD_EP_Abort
 .text.PCD_WriteEmptyTxFifo
                0x0000000008001ec8      0x11a ./Drivers/STM32F4xx_HAL_Driver/Src/stm32f4xx_hal_pcd.o
 *fill*         0x0000000008001fe2        0x2 
 .text.PCD_EP_OutXfrComplete_int
                0x0000000008001fe4      0x1d0 ./Drivers/STM32F4xx_HAL_Driver/Src/stm32f4xx_hal_pcd.o
 .text.PCD_EP_OutSetupPacket_int
                0x00000000080021b4       0x8c ./Drivers/STM32F4xx_HAL_Driver/Src/stm32f4xx_hal_pcd.o
 .text.HAL_PCDEx_SetTxFiFo
                0x0000000008002240       0x8e ./Drivers/STM32F4xx_HAL_Driver/Src/stm32f4xx_hal_pcd_ex.o
                0x0000000008002240                HAL_PCDEx_SetTxFiFo
 .text.HAL_PCDEx_SetRxFiFo
                0x00000000080022ce       0x22 ./Drivers/STM32F4xx_HAL_Driver/Src/stm32f4xx_hal_pcd_ex.o
                0x00000000080022ce                HAL_PCDEx_SetRxFiFo
 .text.HAL_PCDEx_LPM_Callback
                0x00000000080022f0       0x18 ./Drivers/STM32F4xx_HAL_Driver/Src/stm32f4xx_hal_pcd_ex.o
                0x00000000080022f0                HAL_PCDEx_LPM_Callback
 .text.HAL_RCC_OscConfig
                0x0000000008002308      0x4f0 ./Drivers/STM32F4xx_HAL_Driver/Src/stm32f4xx_hal_rcc.o
                0x0000000008002308                HAL_RCC_OscConfig
 .text.HAL_RCC_ClockConfig
                0x00000000080027f8      0x1cc ./Drivers/STM32F4xx_HAL_Driver/Src/stm32f4xx_hal_rcc.o
                0x00000000080027f8                HAL_RCC_ClockConfig
 .text.HAL_RCC_GetSysClockFreq
                0x00000000080029c4      0x18c ./Drivers/STM32F4xx_HAL_Driver/Src/stm32f4xx_hal_rcc.o
                0x00000000080029c4                HAL_RCC_GetSysClockFreq
 .text.HAL_RCC_GetHCLKFreq
                0x0000000008002b50       0x18 ./Drivers/STM32F4xx_HAL_Driver/Src/stm32f4xx_hal_rcc.o
                0x0000000008002b50                HAL_RCC_GetHCLKFreq
 .text.USB_CoreInit
                0x0000000008002b68       0xc2 ./Drivers/STM32F4xx_HAL_Driver/Src/stm32f4xx_ll_usb.o
                0x0000000008002b68                USB_CoreInit
 *fill*         0x0000000008002c2a        0x2 
 .text.USB_SetTurnaroundTime
                0x0000000008002c2c      0x144 ./Drivers/STM32F4xx_HAL_Driver/Src/stm32f4xx_ll_usb.o
                0x0000000008002c2c                USB_SetTurnaroundTime
 .text.USB_EnableGlobalInt
                0x0000000008002d70       0x22 ./Drivers/STM32F4xx_HAL_Driver/Src/stm32f4xx_ll_usb.o
                0x0000000008002d70                USB_EnableGlobalInt
 .text.USB_DisableGlobalInt
                0x0000000008002d92       0x22 ./Drivers/STM32F4xx_HAL_Driver/Src/stm32f4xx_ll_usb.o
                0x0000000008002d92                USB_DisableGlobalInt
 .text.USB_SetCurrentMode
                0x0000000008002db4       0x98 ./Drivers/STM32F4xx_HAL_Driver/Src/stm32f4xx_ll_usb.o
                0x0000000008002db4                USB_SetCurrentMode
 .text.USB_DevInit
                0x0000000008002e4c      0x2c8 ./Drivers/STM32F4xx_HAL_Driver/Src/stm32f4xx_ll_usb.o
                0x0000000008002e4c                USB_DevInit
 .text.USB_FlushTxFifo
                0x0000000008003114       0x68 ./Drivers/STM32F4xx_HAL_Driver/Src/stm32f4xx_ll_usb.o
                0x0000000008003114                USB_FlushTxFifo
 .text.USB_FlushRxFifo
                0x000000000800317c       0x60 ./Drivers/STM32F4xx_HAL_Driver/Src/stm32f4xx_ll_usb.o
                0x000000000800317c                USB_FlushRxFifo
 .text.USB_SetDevSpeed
                0x00000000080031dc       0x32 ./Drivers/STM32F4xx_HAL_Driver/Src/stm32f4xx_ll_usb.o
                0x00000000080031dc                USB_SetDevSpeed
 .text.USB_GetDevSpeed
                0x000000000800320e       0x4a ./Drivers/STM32F4xx_HAL_Driver/Src/stm32f4xx_ll_usb.o
                0x000000000800320e                USB_GetDevSpeed
 .text.USB_ActivateEndpoint
                0x0000000008003258      0x10e ./Drivers/STM32F4xx_HAL_Driver/Src/stm32f4xx_ll_usb.o
                0x0000000008003258                USB_ActivateEndpoint
 *fill*         0x0000000008003366        0x2 
 .text.USB_DeactivateEndpoint
                0x0000000008003368      0x1b8 ./Drivers/STM32F4xx_HAL_Driver/Src/stm32f4xx_ll_usb.o
                0x0000000008003368                USB_DeactivateEndpoint
 .text.USB_EPStartXfer
                0x0000000008003520      0x490 ./Drivers/STM32F4xx_HAL_Driver/Src/stm32f4xx_ll_usb.o
                0x0000000008003520                USB_EPStartXfer
 .text.USB_EP0StartXfer
                0x00000000080039b0      0x2b0 ./Drivers/STM32F4xx_HAL_Driver/Src/stm32f4xx_ll_usb.o
                0x00000000080039b0                USB_EP0StartXfer
 .text.USB_EPStopXfer
                0x0000000008003c60      0x154 ./Drivers/STM32F4xx_HAL_Driver/Src/stm32f4xx_ll_usb.o
                0x0000000008003c60                USB_EPStopXfer
 .text.USB_WritePacket
                0x0000000008003db4       0x7c ./Drivers/STM32F4xx_HAL_Driver/Src/stm32f4xx_ll_usb.o
                0x0000000008003db4                USB_WritePacket
 .text.USB_ReadPacket
                0x0000000008003e30       0xb0 ./Drivers/STM32F4xx_HAL_Driver/Src/stm32f4xx_ll_usb.o
                0x0000000008003e30                USB_ReadPacket
 .text.USB_EPSetStall
                0x0000000008003ee0       0xdc ./Drivers/STM32F4xx_HAL_Driver/Src/stm32f4xx_ll_usb.o
                0x0000000008003ee0                USB_EPSetStall
 .text.USB_EPClearStall
                0x0000000008003fbc       0xcc ./Drivers/STM32F4xx_HAL_Driver/Src/stm32f4xx_ll_usb.o
                0x0000000008003fbc                USB_EPClearStall
 .text.USB_SetDevAddress
                0x0000000008004088       0x4c ./Drivers/STM32F4xx_HAL_Driver/Src/stm32f4xx_ll_usb.o
                0x0000000008004088                USB_SetDevAddress
 .text.USB_DevConnect
                0x00000000080040d4       0x42 ./Drivers/STM32F4xx_HAL_Driver/Src/stm32f4xx_ll_usb.o
                0x00000000080040d4                USB_DevConnect
 .text.USB_DevDisconnect
                0x0000000008004116       0x42 ./Drivers/STM32F4xx_HAL_Driver/Src/stm32f4xx_ll_usb.o
                0x0000000008004116                USB_DevDisconnect
 .text.USB_ReadInterrupts
                0x0000000008004158       0x26 ./Drivers/STM32F4xx_HAL_Driver/Src/stm32f4xx_ll_usb.o
                0x0000000008004158                USB_ReadInterrupts
 .text.USB_ReadDevAllOutEpInterrupt
                0x000000000800417e       0x34 ./Drivers/STM32F4xx_HAL_Driver/Src/stm32f4xx_ll_usb.o
                0x000000000800417e                USB_ReadDevAllOutEpInterrupt
 .text.USB_ReadDevAllInEpInterrupt
                0x00000000080041b2       0x34 ./Drivers/STM32F4xx_HAL_Driver/Src/stm32f4xx_ll_usb.o
                0x00000000080041b2                USB_ReadDevAllInEpInterrupt
 .text.USB_ReadDevOutEPInterrupt
                0x00000000080041e6       0x3c ./Drivers/STM32F4xx_HAL_Driver/Src/stm32f4xx_ll_usb.o
                0x00000000080041e6                USB_ReadDevOutEPInterrupt
 .text.USB_ReadDevInEPInterrupt
                0x0000000008004222       0x5c ./Drivers/STM32F4xx_HAL_Driver/Src/stm32f4xx_ll_usb.o
                0x0000000008004222                USB_ReadDevInEPInterrupt
 .text.USB_GetMode
                0x000000000800427e       0x1c ./Drivers/STM32F4xx_HAL_Driver/Src/stm32f4xx_ll_usb.o
                0x000000000800427e                USB_GetMode
 .text.USB_ActivateSetup
                0x000000000800429a       0x46 ./Drivers/STM32F4xx_HAL_Driver/Src/stm32f4xx_ll_usb.o
                0x000000000800429a                USB_ActivateSetup
 .text.USB_EP0_OutStart
                0x00000000080042e0       0xbc ./Drivers/STM32F4xx_HAL_Driver/Src/stm32f4xx_ll_usb.o
                0x00000000080042e0                USB_EP0_OutStart
 .text.USB_CoreReset
                0x000000000800439c       0x68 ./Drivers/STM32F4xx_HAL_Driver/Src/stm32f4xx_ll_usb.o
 .text.USBD_HID_Init
                0x0000000008004404       0xcc ./Middlewares/ST/STM32_USB_Device_Library/Class/HID/Src/usbd_hid.o
 .text.USBD_HID_DeInit
                0x00000000080044d0       0x90 ./Middlewares/ST/STM32_USB_Device_Library/Class/HID/Src/usbd_hid.o
 .text.USBD_HID_Setup
                0x0000000008004560      0x210 ./Middlewares/ST/STM32_USB_Device_Library/Class/HID/Src/usbd_hid.o
 .text.USBD_HID_SendReport
                0x0000000008004770       0x60 ./Middlewares/ST/STM32_USB_Device_Library/Class/HID/Src/usbd_hid.o
                0x0000000008004770                USBD_HID_SendReport
 .text.USBD_HID_GetFSCfgDesc
                0x00000000080047d0       0x34 ./Middlewares/ST/STM32_USB_Device_Library/Class/HID/Src/usbd_hid.o
 .text.USBD_HID_GetHSCfgDesc
                0x0000000008004804       0x34 ./Middlewares/ST/STM32_USB_Device_Library/Class/HID/Src/usbd_hid.o
 .text.USBD_HID_GetOtherSpeedCfgDesc
                0x0000000008004838       0x34 ./Middlewares/ST/STM32_USB_Device_Library/Class/HID/Src/usbd_hid.o
 .text.USBD_HID_DataIn
                0x000000000800486c       0x2c ./Middlewares/ST/STM32_USB_Device_Library/Class/HID/Src/usbd_hid.o
 .text.USBD_HID_GetDeviceQualifierDesc
                0x0000000008004898       0x20 ./Middlewares/ST/STM32_USB_Device_Library/Class/HID/Src/usbd_hid.o
 .text.USBD_Init
                0x00000000080048b8       0x60 ./Middlewares/ST/STM32_USB_Device_Library/Core/Src/usbd_core.o
                0x00000000080048b8                USBD_Init
 .text.USBD_RegisterClass
                0x0000000008004918       0x6c ./Middlewares/ST/STM32_USB_Device_Library/Core/Src/usbd_core.o
                0x0000000008004918                USBD_RegisterClass
 .text.USBD_Start
                0x0000000008004984       0x18 ./Middlewares/ST/STM32_USB_Device_Library/Core/Src/usbd_core.o
                0x0000000008004984                USBD_Start
 .text.USBD_RunTestMode
                0x000000000800499c       0x16 ./Middlewares/ST/STM32_USB_Device_Library/Core/Src/usbd_core.o
                0x000000000800499c                USBD_RunTestMode
 .text.USBD_SetClassConfig
                0x00000000080049b2       0x38 ./Middlewares/ST/STM32_USB_Device_Library/Core/Src/usbd_core.o
                0x00000000080049b2                USBD_SetClassConfig
 .text.USBD_ClrClassConfig
                0x00000000080049ea       0x34 ./Middlewares/ST/STM32_USB_Device_Library/Core/Src/usbd_core.o
                0x00000000080049ea                USBD_ClrClassConfig
 .text.USBD_LL_SetupStage
                0x0000000008004a1e       0xaa ./Middlewares/ST/STM32_USB_Device_Library/Core/Src/usbd_core.o
                0x0000000008004a1e                USBD_LL_SetupStage
 .text.USBD_LL_DataOutStage
                0x0000000008004ac8      0x166 ./Middlewares/ST/STM32_USB_Device_Library/Core/Src/usbd_core.o
                0x0000000008004ac8                USBD_LL_DataOutStage
 .text.USBD_LL_DataInStage
                0x0000000008004c2e      0x164 ./Middlewares/ST/STM32_USB_Device_Library/Core/Src/usbd_core.o
                0x0000000008004c2e                USBD_LL_DataInStage
 .text.USBD_LL_Reset
                0x0000000008004d92       0xa4 ./Middlewares/ST/STM32_USB_Device_Library/Core/Src/usbd_core.o
                0x0000000008004d92                USBD_LL_Reset
 .text.USBD_LL_SetSpeed
                0x0000000008004e36       0x20 ./Middlewares/ST/STM32_USB_Device_Library/Core/Src/usbd_core.o
                0x0000000008004e36                USBD_LL_SetSpeed
 .text.USBD_LL_Suspend
                0x0000000008004e56       0x2c ./Middlewares/ST/STM32_USB_Device_Library/Core/Src/usbd_core.o
                0x0000000008004e56                USBD_LL_Suspend
 .text.USBD_LL_Resume
                0x0000000008004e82       0x30 ./Middlewares/ST/STM32_USB_Device_Library/Core/Src/usbd_core.o
                0x0000000008004e82                USBD_LL_Resume
 .text.USBD_LL_SOF
                0x0000000008004eb2       0x40 ./Middlewares/ST/STM32_USB_Device_Library/Core/Src/usbd_core.o
                0x0000000008004eb2                USBD_LL_SOF
 .text.USBD_LL_IsoINIncomplete
                0x0000000008004ef2       0x64 ./Middlewares/ST/STM32_USB_Device_Library/Core/Src/usbd_core.o
                0x0000000008004ef2                USBD_LL_IsoINIncomplete
 .text.USBD_LL_IsoOUTIncomplete
                0x0000000008004f56       0x64 ./Middlewares/ST/STM32_USB_Device_Library/Core/Src/usbd_core.o
                0x0000000008004f56                USBD_LL_IsoOUTIncomplete
 .text.USBD_LL_DevConnected
                0x0000000008004fba       0x16 ./Middlewares/ST/STM32_USB_Device_Library/Core/Src/usbd_core.o
                0x0000000008004fba                USBD_LL_DevConnected
 .text.USBD_LL_DevDisconnected
                0x0000000008004fd0       0x46 ./Middlewares/ST/STM32_USB_Device_Library/Core/Src/usbd_core.o
                0x0000000008004fd0                USBD_LL_DevDisconnected
 .text.USBD_CoreFindIF
                0x0000000008005016       0x1a ./Middlewares/ST/STM32_USB_Device_Library/Core/Src/usbd_core.o
                0x0000000008005016                USBD_CoreFindIF
 .text.USBD_CoreFindEP
                0x0000000008005030       0x1a ./Middlewares/ST/STM32_USB_Device_Library/Core/Src/usbd_core.o
                0x0000000008005030                USBD_CoreFindEP
 .text.USBD_GetEpDesc
                0x000000000800504a       0x74 ./Middlewares/ST/STM32_USB_Device_Library/Core/Src/usbd_core.o
                0x000000000800504a                USBD_GetEpDesc
 .text.USBD_GetNextDesc
                0x00000000080050be       0x3a ./Middlewares/ST/STM32_USB_Device_Library/Core/Src/usbd_core.o
                0x00000000080050be                USBD_GetNextDesc
 .text.SWAPBYTE
                0x00000000080050f8       0x3c ./Middlewares/ST/STM32_USB_Device_Library/Core/Src/usbd_ctlreq.o
 .text.USBD_StdDevReq
                0x0000000008005134       0xe4 ./Middlewares/ST/STM32_USB_Device_Library/Core/Src/usbd_ctlreq.o
                0x0000000008005134                USBD_StdDevReq
 .text.USBD_StdItfReq
                0x0000000008005218       0xd8 ./Middlewares/ST/STM32_USB_Device_Library/Core/Src/usbd_ctlreq.o
                0x0000000008005218                USBD_StdItfReq
 .text.USBD_StdEPReq
                0x00000000080052f0      0x33a ./Middlewares/ST/STM32_USB_Device_Library/Core/Src/usbd_ctlreq.o
                0x00000000080052f0                USBD_StdEPReq
 *fill*         0x000000000800562a        0x2 
 .text.USBD_GetDescriptor
                0x000000000800562c      0x2d4 ./Middlewares/ST/STM32_USB_Device_Library/Core/Src/usbd_ctlreq.o
 .text.USBD_SetAddress
                0x0000000008005900       0x88 ./Middlewares/ST/STM32_USB_Device_Library/Core/Src/usbd_ctlreq.o
 .text.USBD_SetConfig
                0x0000000008005988      0x154 ./Middlewares/ST/STM32_USB_Device_Library/Core/Src/usbd_ctlreq.o
 .text.USBD_GetConfig
                0x0000000008005adc       0x6c ./Middlewares/ST/STM32_USB_Device_Library/Core/Src/usbd_ctlreq.o
 .text.USBD_GetStatus
                0x0000000008005b48       0x68 ./Middlewares/ST/STM32_USB_Device_Library/Core/Src/usbd_ctlreq.o
 .text.USBD_SetFeature
                0x0000000008005bb0       0x52 ./Middlewares/ST/STM32_USB_Device_Library/Core/Src/usbd_ctlreq.o
 .text.USBD_ClrFeature
                0x0000000008005c02       0x44 ./Middlewares/ST/STM32_USB_Device_Library/Core/Src/usbd_ctlreq.o
 .text.USBD_ParseSetupRequest
                0x0000000008005c46       0x74 ./Middlewares/ST/STM32_USB_Device_Library/Core/Src/usbd_ctlreq.o
                0x0000000008005c46                USBD_ParseSetupRequest
 .text.USBD_CtlError
                0x0000000008005cba       0x22 ./Middlewares/ST/STM32_USB_Device_Library/Core/Src/usbd_ctlreq.o
                0x0000000008005cba                USBD_CtlError
 .text.USBD_GetString
                0x0000000008005cdc       0x8c ./Middlewares/ST/STM32_USB_Device_Library/Core/Src/usbd_ctlreq.o
                0x0000000008005cdc                USBD_GetString
 .text.USBD_GetLen
                0x0000000008005d68       0x34 ./Middlewares/ST/STM32_USB_Device_Library/Core/Src/usbd_ctlreq.o
 .text.USBD_CtlSendData
                0x0000000008005d9c       0x36 ./Middlewares/ST/STM32_USB_Device_Library/Core/Src/usbd_ioreq.o
                0x0000000008005d9c                USBD_CtlSendData
 .text.USBD_CtlContinueSendData
                0x0000000008005dd2       0x22 ./Middlewares/ST/STM32_USB_Device_Library/Core/Src/usbd_ioreq.o
                0x0000000008005dd2                USBD_CtlContinueSendData
 .text.USBD_CtlContinueRx
                0x0000000008005df4       0x22 ./Middlewares/ST/STM32_USB_Device_Library/Core/Src/usbd_ioreq.o
                0x0000000008005df4                USBD_CtlContinueRx
 .text.USBD_CtlSendStatus
                0x0000000008005e16       0x26 ./Middlewares/ST/STM32_USB_Device_Library/Core/Src/usbd_ioreq.o
                0x0000000008005e16                USBD_CtlSendStatus
 .text.USBD_CtlReceiveStatus
                0x0000000008005e3c       0x26 ./Middlewares/ST/STM32_USB_Device_Library/Core/Src/usbd_ioreq.o
                0x0000000008005e3c                USBD_CtlReceiveStatus
 *fill*         0x0000000008005e62        0x2 
 .text.MX_USB_DEVICE_Init
                0x0000000008005e64       0x4c ./USB_DEVICE/App/usb_device.o
                0x0000000008005e64                MX_USB_DEVICE_Init
 .text.USBD_FS_DeviceDescriptor
                0x0000000008005eb0       0x24 ./USB_DEVICE/App/usbd_desc.o
                0x0000000008005eb0                USBD_FS_DeviceDescriptor
 .text.USBD_FS_LangIDStrDescriptor
                0x0000000008005ed4       0x24 ./USB_DEVICE/App/usbd_desc.o
                0x0000000008005ed4                USBD_FS_LangIDStrDescriptor
 .text.USBD_FS_ProductStrDescriptor
                0x0000000008005ef8       0x3c ./USB_DEVICE/App/usbd_desc.o
                0x0000000008005ef8                USBD_FS_ProductStrDescriptor
 .text.USBD_FS_ManufacturerStrDescriptor
                0x0000000008005f34       0x28 ./USB_DEVICE/App/usbd_desc.o
                0x0000000008005f34                USBD_FS_ManufacturerStrDescriptor
 .text.USBD_FS_SerialStrDescriptor
                0x0000000008005f5c       0x24 ./USB_DEVICE/App/usbd_desc.o
                0x0000000008005f5c                USBD_FS_SerialStrDescriptor
 .text.USBD_FS_ConfigStrDescriptor
                0x0000000008005f80       0x3c ./USB_DEVICE/App/usbd_desc.o
                0x0000000008005f80                USBD_FS_ConfigStrDescriptor
 .text.USBD_FS_InterfaceStrDescriptor
                0x0000000008005fbc       0x3c ./USB_DEVICE/App/usbd_desc.o
                0x0000000008005fbc                USBD_FS_InterfaceStrDescriptor
 .text.Get_SerialNum
                0x0000000008005ff8       0x58 ./USB_DEVICE/App/usbd_desc.o
 .text.IntToUnicode
                0x0000000008006050       0x7e ./USB_DEVICE/App/usbd_desc.o
 *fill*         0x00000000080060ce        0x2 
 .text.HAL_PCD_MspInit
                0x00000000080060d0       0xa8 ./USB_DEVICE/Target/usbd_conf.o
                0x00000000080060d0                HAL_PCD_MspInit
 .text.HAL_PCD_SetupStageCallback
                0x0000000008006178       0x24 ./USB_DEVICE/Target/usbd_conf.o
                0x0000000008006178                HAL_PCD_SetupStageCallback
 .text.HAL_PCD_DataOutStageCallback
                0x000000000800619c       0x36 ./USB_DEVICE/Target/usbd_conf.o
                0x000000000800619c                HAL_PCD_DataOutStageCallback
 .text.HAL_PCD_DataInStageCallback
                0x00000000080061d2       0x34 ./USB_DEVICE/Target/usbd_conf.o
                0x00000000080061d2                HAL_PCD_DataInStageCallback
 .text.HAL_PCD_SOFCallback
                0x0000000008006206       0x1c ./USB_DEVICE/Target/usbd_conf.o
                0x0000000008006206                HAL_PCD_SOFCallback
 .text.HAL_PCD_ResetCallback
                0x0000000008006222       0x3c ./USB_DEVICE/Target/usbd_conf.o
                0x0000000008006222                HAL_PCD_ResetCallback
 *fill*         0x000000000800625e        0x2 
 .text.HAL_PCD_SuspendCallback
                0x0000000008006260       0x4c ./USB_DEVICE/Target/usbd_conf.o
                0x0000000008006260                HAL_PCD_SuspendCallback
 .text.HAL_PCD_ResumeCallback
                0x00000000080062ac       0x1c ./USB_DEVICE/Target/usbd_conf.o
                0x00000000080062ac                HAL_PCD_ResumeCallback
 .text.HAL_PCD_ISOOUTIncompleteCallback
                0x00000000080062c8       0x24 ./USB_DEVICE/Target/usbd_conf.o
                0x00000000080062c8                HAL_PCD_ISOOUTIncompleteCallback
 .text.HAL_PCD_ISOINIncompleteCallback
                0x00000000080062ec       0x24 ./USB_DEVICE/Target/usbd_conf.o
                0x00000000080062ec                HAL_PCD_ISOINIncompleteCallback
 .text.HAL_PCD_ConnectCallback
                0x0000000008006310       0x1c ./USB_DEVICE/Target/usbd_conf.o
                0x0000000008006310                HAL_PCD_ConnectCallback
 .text.HAL_PCD_DisconnectCallback
                0x000000000800632c       0x1c ./USB_DEVICE/Target/usbd_conf.o
                0x000000000800632c                HAL_PCD_DisconnectCallback
 .text.USBD_LL_Init
                0x0000000008006348       0x98 ./USB_DEVICE/Target/usbd_conf.o
                0x0000000008006348                USBD_LL_Init
 .text.USBD_LL_Start
                0x00000000080063e0       0x36 ./USB_DEVICE/Target/usbd_conf.o
                0x00000000080063e0                USBD_LL_Start
 .text.USBD_LL_OpenEP
                0x0000000008006416       0x4c ./USB_DEVICE/Target/usbd_conf.o
                0x0000000008006416                USBD_LL_OpenEP
 .text.USBD_LL_CloseEP
                0x0000000008006462       0x3e ./USB_DEVICE/Target/usbd_conf.o
                0x0000000008006462                USBD_LL_CloseEP
 .text.USBD_LL_StallEP
                0x00000000080064a0       0x3e ./USB_DEVICE/Target/usbd_conf.o
                0x00000000080064a0                USBD_LL_StallEP
 .text.USBD_LL_ClearStallEP
                0x00000000080064de       0x3e ./USB_DEVICE/Target/usbd_conf.o
                0x00000000080064de                USBD_LL_ClearStallEP
 .text.USBD_LL_IsStallEP
                0x000000000800651c       0x58 ./USB_DEVICE/Target/usbd_conf.o
                0x000000000800651c                USBD_LL_IsStallEP
 .text.USBD_LL_SetUSBAddress
                0x0000000008006574       0x3e ./USB_DEVICE/Target/usbd_conf.o
                0x0000000008006574                USBD_LL_SetUSBAddress
 .text.USBD_LL_Transmit
                0x00000000080065b2       0x42 ./USB_DEVICE/Target/usbd_conf.o
                0x00000000080065b2                USBD_LL_Transmit
 .text.USBD_LL_PrepareReceive
                0x00000000080065f4       0x42 ./USB_DEVICE/Target/usbd_conf.o
                0x00000000080065f4                USBD_LL_PrepareReceive
 *fill*         0x0000000008006636        0x2 
 .text.USBD_static_malloc
                0x0000000008006638       0x1c ./USB_DEVICE/Target/usbd_conf.o
                0x0000000008006638                USBD_static_malloc
 .text.USBD_static_free
                0x0000000008006654       0x14 ./USB_DEVICE/Target/usbd_conf.o
                0x0000000008006654                USBD_static_free
 .text.USBD_Get_USB_Status
                0x0000000008006668       0x58 ./USB_DEVICE/Target/usbd_conf.o
                0x0000000008006668                USBD_Get_USB_Status
 .text.__libc_init_array
                0x00000000080066c0       0x48 c:/st/stm32cubeide_1.10.1/stm32cubeide/plugins/com.st.stm32cube.ide.mcu.externaltools.gnu-tools-for-stm32.10.3-2021.10.win32_1.0.0.202111181127/tools/bin/../lib/gcc/arm-none-eabi/10.3.1/../../../../arm-none-eabi/lib/thumb/v7e-m+fp/hard\libc_nano.a(lib_a-init.o)
                0x00000000080066c0                __libc_init_array
 .text.memset   0x0000000008006708       0x10 c:/st/stm32cubeide_1.10.1/stm32cubeide/plugins/com.st.stm32cube.ide.mcu.externaltools.gnu-tools-for-stm32.10.3-2021.10.win32_1.0.0.202111181127/tools/bin/../lib/gcc/arm-none-eabi/10.3.1/../../../../arm-none-eabi/lib/thumb/v7e-m+fp/hard\libc_nano.a(lib_a-memset.o)
                0x0000000008006708                memset
 *(.glue_7)
 .glue_7        0x0000000008006718        0x0 linker stubs
 *(.glue_7t)
 .glue_7t       0x0000000008006718        0x0 linker stubs
 *(.eh_frame)
 .eh_frame      0x0000000008006718        0x0 c:/st/stm32cubeide_1.10.1/stm32cubeide/plugins/com.st.stm32cube.ide.mcu.externaltools.gnu-tools-for-stm32.10.3-2021.10.win32_1.0.0.202111181127/tools/bin/../lib/gcc/arm-none-eabi/10.3.1/thumb/v7e-m+fp/hard/crtbegin.o
 *(.init)
 .init          0x0000000008006718        0x4 c:/st/stm32cubeide_1.10.1/stm32cubeide/plugins/com.st.stm32cube.ide.mcu.externaltools.gnu-tools-for-stm32.10.3-2021.10.win32_1.0.0.202111181127/tools/bin/../lib/gcc/arm-none-eabi/10.3.1/thumb/v7e-m+fp/hard/crti.o
                0x0000000008006718                _init
 .init          0x000000000800671c        0x8 c:/st/stm32cubeide_1.10.1/stm32cubeide/plugins/com.st.stm32cube.ide.mcu.externaltools.gnu-tools-for-stm32.10.3-2021.10.win32_1.0.0.202111181127/tools/bin/../lib/gcc/arm-none-eabi/10.3.1/thumb/v7e-m+fp/hard/crtn.o
 *(.fini)
 .fini          0x0000000008006724        0x4 c:/st/stm32cubeide_1.10.1/stm32cubeide/plugins/com.st.stm32cube.ide.mcu.externaltools.gnu-tools-for-stm32.10.3-2021.10.win32_1.0.0.202111181127/tools/bin/../lib/gcc/arm-none-eabi/10.3.1/thumb/v7e-m+fp/hard/crti.o
                0x0000000008006724                _fini
 .fini          0x0000000008006728        0x8 c:/st/stm32cubeide_1.10.1/stm32cubeide/plugins/com.st.stm32cube.ide.mcu.externaltools.gnu-tools-for-stm32.10.3-2021.10.win32_1.0.0.202111181127/tools/bin/../lib/gcc/arm-none-eabi/10.3.1/thumb/v7e-m+fp/hard/crtn.o
                0x0000000008006730                . = ALIGN (0x4)
                0x0000000008006730                _etext = .

.vfp11_veneer   0x0000000008006730        0x0
 .vfp11_veneer  0x0000000008006730        0x0 linker stubs

.v4_bx          0x0000000008006730        0x0
 .v4_bx         0x0000000008006730        0x0 linker stubs

.iplt           0x0000000008006730        0x0
 .iplt          0x0000000008006730        0x0 c:/st/stm32cubeide_1.10.1/stm32cubeide/plugins/com.st.stm32cube.ide.mcu.externaltools.gnu-tools-for-stm32.10.3-2021.10.win32_1.0.0.202111181127/tools/bin/../lib/gcc/arm-none-eabi/10.3.1/thumb/v7e-m+fp/hard/crtbegin.o

.rodata         0x0000000008006730       0x58
                0x0000000008006730                . = ALIGN (0x4)
 *(.rodata)
 .rodata        0x0000000008006730       0x46 ./USB_DEVICE/App/usbd_desc.o
 *(.rodata*)
 *fill*         0x0000000008006776        0x2 
 .rodata.AHBPrescTable
                0x0000000008006778       0x10 ./Core/Src/system_stm32f4xx.o
                0x0000000008006778                AHBPrescTable
                0x0000000008006788                . = ALIGN (0x4)

.ARM.extab      0x0000000008006788        0x0
                0x0000000008006788                . = ALIGN (0x4)
 *(.ARM.extab* .gnu.linkonce.armextab.*)
                0x0000000008006788                . = ALIGN (0x4)

.ARM            0x0000000008006788        0x8
                0x0000000008006788                . = ALIGN (0x4)
                0x0000000008006788                __exidx_start = .
 *(.ARM.exidx*)
 .ARM.exidx     0x0000000008006788        0x8 c:/st/stm32cubeide_1.10.1/stm32cubeide/plugins/com.st.stm32cube.ide.mcu.externaltools.gnu-tools-for-stm32.10.3-2021.10.win32_1.0.0.202111181127/tools/bin/../lib/gcc/arm-none-eabi/10.3.1/thumb/v7e-m+fp/hard\libgcc.a(_udivmoddi4.o)
                0x0000000008006790                __exidx_end = .
                0x0000000008006790                . = ALIGN (0x4)

.rel.dyn        0x0000000008006790        0x0
 .rel.iplt      0x0000000008006790        0x0 c:/st/stm32cubeide_1.10.1/stm32cubeide/plugins/com.st.stm32cube.ide.mcu.externaltools.gnu-tools-for-stm32.10.3-2021.10.win32_1.0.0.202111181127/tools/bin/../lib/gcc/arm-none-eabi/10.3.1/thumb/v7e-m+fp/hard/crtbegin.o

.preinit_array  0x0000000008006790        0x0
                0x0000000008006790                . = ALIGN (0x4)
                0x0000000008006790                PROVIDE (__preinit_array_start = .)
 *(.preinit_array*)
                0x0000000008006790                PROVIDE (__preinit_array_end = .)
                0x0000000008006790                . = ALIGN (0x4)

.init_array     0x0000000008006790        0x4
                0x0000000008006790                . = ALIGN (0x4)
                0x0000000008006790                PROVIDE (__init_array_start = .)
 *(SORT_BY_NAME(.init_array.*))
 *(.init_array*)
 .init_array    0x0000000008006790        0x4 c:/st/stm32cubeide_1.10.1/stm32cubeide/plugins/com.st.stm32cube.ide.mcu.externaltools.gnu-tools-for-stm32.10.3-2021.10.win32_1.0.0.202111181127/tools/bin/../lib/gcc/arm-none-eabi/10.3.1/thumb/v7e-m+fp/hard/crtbegin.o
                0x0000000008006794                PROVIDE (__init_array_end = .)
                0x0000000008006794                . = ALIGN (0x4)

.fini_array     0x0000000008006794        0x4
                0x0000000008006794                . = ALIGN (0x4)
                [!provide]                        PROVIDE (__fini_array_start = .)
 *(SORT_BY_NAME(.fini_array.*))
 *(.fini_array*)
 .fini_array    0x0000000008006794        0x4 c:/st/stm32cubeide_1.10.1/stm32cubeide/plugins/com.st.stm32cube.ide.mcu.externaltools.gnu-tools-for-stm32.10.3-2021.10.win32_1.0.0.202111181127/tools/bin/../lib/gcc/arm-none-eabi/10.3.1/thumb/v7e-m+fp/hard/crtbegin.o
                [!provide]                        PROVIDE (__fini_array_end = .)
                0x0000000008006798                . = ALIGN (0x4)
                0x0000000008006798                _sidata = LOADADDR (.data)

.data           0x0000000020000000      0x110 load address 0x0000000008006798
                0x0000000020000000                . = ALIGN (0x4)
                0x0000000020000000                _sdata = .
 *(.data)
 *(.data*)
 .data.SystemCoreClock
                0x0000000020000000        0x4 ./Core/Src/system_stm32f4xx.o
                0x0000000020000000                SystemCoreClock
 .data.uwTickPrio
                0x0000000020000004        0x4 ./Drivers/STM32F4xx_HAL_Driver/Src/stm32f4xx_hal.o
                0x0000000020000004                uwTickPrio
 .data.uwTickFreq
                0x0000000020000008        0x1 ./Drivers/STM32F4xx_HAL_Driver/Src/stm32f4xx_hal.o
                0x0000000020000008                uwTickFreq
 *fill*         0x0000000020000009        0x3 
 .data.USBD_HID
                0x000000002000000c       0x38 ./Middlewares/ST/STM32_USB_Device_Library/Class/HID/Src/usbd_hid.o
                0x000000002000000c                USBD_HID
 .data.USBD_HID_CfgDesc
                0x0000000020000044       0x22 ./Middlewares/ST/STM32_USB_Device_Library/Class/HID/Src/usbd_hid.o
 *fill*         0x0000000020000066        0x2 
 .data.USBD_HID_Desc
                0x0000000020000068        0x9 ./Middlewares/ST/STM32_USB_Device_Library/Class/HID/Src/usbd_hid.o
 *fill*         0x0000000020000071        0x3 
 .data.USBD_HID_DeviceQualifierDesc
                0x0000000020000074        0xa ./Middlewares/ST/STM32_USB_Device_Library/Class/HID/Src/usbd_hid.o
 *fill*         0x000000002000007e        0x2 
 .data.HID_MOUSE_ReportDesc
                0x0000000020000080       0x3f ./Middlewares/ST/STM32_USB_Device_Library/Class/HID/Src/usbd_hid.o
 .data.HIDInEpAdd
                0x00000000200000bf        0x1 ./Middlewares/ST/STM32_USB_Device_Library/Class/HID/Src/usbd_hid.o
 .data.FS_Desc  0x00000000200000c0       0x1c ./USB_DEVICE/App/usbd_desc.o
                0x00000000200000c0                FS_Desc
 .data.USBD_FS_DeviceDesc
                0x00000000200000dc       0x12 ./USB_DEVICE/App/usbd_desc.o
                0x00000000200000dc                USBD_FS_DeviceDesc
 *fill*         0x00000000200000ee        0x2 
 .data.USBD_LangIDDesc
                0x00000000200000f0        0x4 ./USB_DEVICE/App/usbd_desc.o
                0x00000000200000f0                USBD_LangIDDesc
 .data.USBD_StringSerial
                0x00000000200000f4       0x1a ./USB_DEVICE/App/usbd_desc.o
                0x00000000200000f4                USBD_StringSerial
 *(.RamFunc)
 *(.RamFunc*)
                0x0000000020000110                . = ALIGN (0x4)
 *fill*         0x000000002000010e        0x2 
                0x0000000020000110                _edata = .

.igot.plt       0x0000000020000110        0x0 load address 0x00000000080068a8
 .igot.plt      0x0000000020000110        0x0 c:/st/stm32cubeide_1.10.1/stm32cubeide/plugins/com.st.stm32cube.ide.mcu.externaltools.gnu-tools-for-stm32.10.3-2021.10.win32_1.0.0.202111181127/tools/bin/../lib/gcc/arm-none-eabi/10.3.1/thumb/v7e-m+fp/hard/crtbegin.o
                0x0000000020000110                . = ALIGN (0x4)

.bss            0x0000000020000110      0xa28 load address 0x00000000080068a8
                0x0000000020000110                _sbss = .
                0x0000000020000110                __bss_start__ = _sbss
 *(.bss)
 .bss           0x0000000020000110       0x1c c:/st/stm32cubeide_1.10.1/stm32cubeide/plugins/com.st.stm32cube.ide.mcu.externaltools.gnu-tools-for-stm32.10.3-2021.10.win32_1.0.0.202111181127/tools/bin/../lib/gcc/arm-none-eabi/10.3.1/thumb/v7e-m+fp/hard/crtbegin.o
 *(.bss*)
 .bss.keyboardhid
                0x000000002000012c        0x8 ./Core/Src/main.o
                0x000000002000012c                keyboardhid
 .bss.uwTick    0x0000000020000134        0x4 ./Drivers/STM32F4xx_HAL_Driver/Src/stm32f4xx_hal.o
                0x0000000020000134                uwTick
 .bss.cfgidx.0  0x0000000020000138        0x1 ./Middlewares/ST/STM32_USB_Device_Library/Core/Src/usbd_ctlreq.o
 *fill*         0x0000000020000139        0x3 
 .bss.hUsbDeviceFS
                0x000000002000013c      0x2dc ./USB_DEVICE/App/usb_device.o
                0x000000002000013c                hUsbDeviceFS
 .bss.USBD_StrDesc
                0x0000000020000418      0x200 ./USB_DEVICE/App/usbd_desc.o
                0x0000000020000418                USBD_StrDesc
 .bss.hpcd_USB_OTG_FS
                0x0000000020000618      0x50c ./USB_DEVICE/Target/usbd_conf.o
                0x0000000020000618                hpcd_USB_OTG_FS
 .bss.mem.0     0x0000000020000b24       0x14 ./USB_DEVICE/Target/usbd_conf.o
 *(COMMON)
                0x0000000020000b38                . = ALIGN (0x4)
                0x0000000020000b38                _ebss = .
                0x0000000020000b38                __bss_end__ = _ebss

._user_heap_stack
                0x0000000020000b38      0x600 load address 0x00000000080068a8
                0x0000000020000b38                . = ALIGN (0x8)
                [!provide]                        PROVIDE (end = .)
                0x0000000020000b38                PROVIDE (_end = .)
                0x0000000020000d38                . = (. + _Min_Heap_Size)
 *fill*         0x0000000020000b38      0x200 
                0x0000000020001138                . = (. + _Min_Stack_Size)
 *fill*         0x0000000020000d38      0x400 
                0x0000000020001138                . = ALIGN (0x8)

/DISCARD/
 libc.a(*)
 libm.a(*)
 libgcc.a(*)

.ARM.attributes
                0x0000000000000000       0x30
 *(.ARM.attributes)
 .ARM.attributes
                0x0000000000000000       0x1e c:/st/stm32cubeide_1.10.1/stm32cubeide/plugins/com.st.stm32cube.ide.mcu.externaltools.gnu-tools-for-stm32.10.3-2021.10.win32_1.0.0.202111181127/tools/bin/../lib/gcc/arm-none-eabi/10.3.1/thumb/v7e-m+fp/hard/crti.o
 .ARM.attributes
                0x000000000000001e       0x34 c:/st/stm32cubeide_1.10.1/stm32cubeide/plugins/com.st.stm32cube.ide.mcu.externaltools.gnu-tools-for-stm32.10.3-2021.10.win32_1.0.0.202111181127/tools/bin/../lib/gcc/arm-none-eabi/10.3.1/thumb/v7e-m+fp/hard/crtbegin.o
 .ARM.attributes
                0x0000000000000052       0x34 ./Core/Src/main.o
 .ARM.attributes
                0x0000000000000086       0x34 ./Core/Src/stm32f4xx_hal_msp.o
 .ARM.attributes
                0x00000000000000ba       0x34 ./Core/Src/stm32f4xx_it.o
 .ARM.attributes
                0x00000000000000ee       0x34 ./Core/Src/system_stm32f4xx.o
 .ARM.attributes
                0x0000000000000122       0x21 ./Core/Startup/startup_stm32f401ccux.o
 .ARM.attributes
                0x0000000000000143       0x34 ./Drivers/STM32F4xx_HAL_Driver/Src/stm32f4xx_hal.o
 .ARM.attributes
                0x0000000000000177       0x34 ./Drivers/STM32F4xx_HAL_Driver/Src/stm32f4xx_hal_cortex.o
 .ARM.attributes
                0x00000000000001ab       0x34 ./Drivers/STM32F4xx_HAL_Driver/Src/stm32f4xx_hal_gpio.o
 .ARM.attributes
                0x00000000000001df       0x34 ./Drivers/STM32F4xx_HAL_Driver/Src/stm32f4xx_hal_pcd.o
 .ARM.attributes
                0x0000000000000213       0x34 ./Drivers/STM32F4xx_HAL_Driver/Src/stm32f4xx_hal_pcd_ex.o
 .ARM.attributes
                0x0000000000000247       0x34 ./Drivers/STM32F4xx_HAL_Driver/Src/stm32f4xx_hal_rcc.o
 .ARM.attributes
                0x000000000000027b       0x34 ./Drivers/STM32F4xx_HAL_Driver/Src/stm32f4xx_ll_usb.o
 .ARM.attributes
                0x00000000000002af       0x34 ./Middlewares/ST/STM32_USB_Device_Library/Class/HID/Src/usbd_hid.o
 .ARM.attributes
                0x00000000000002e3       0x34 ./Middlewares/ST/STM32_USB_Device_Library/Core/Src/usbd_core.o
 .ARM.attributes
                0x0000000000000317       0x34 ./Middlewares/ST/STM32_USB_Device_Library/Core/Src/usbd_ctlreq.o
 .ARM.attributes
                0x000000000000034b       0x34 ./Middlewares/ST/STM32_USB_Device_Library/Core/Src/usbd_ioreq.o
 .ARM.attributes
                0x000000000000037f       0x34 ./USB_DEVICE/App/usb_device.o
 .ARM.attributes
                0x00000000000003b3       0x34 ./USB_DEVICE/App/usbd_desc.o
 .ARM.attributes
                0x00000000000003e7       0x34 ./USB_DEVICE/Target/usbd_conf.o
 .ARM.attributes
                0x000000000000041b       0x34 c:/st/stm32cubeide_1.10.1/stm32cubeide/plugins/com.st.stm32cube.ide.mcu.externaltools.gnu-tools-for-stm32.10.3-2021.10.win32_1.0.0.202111181127/tools/bin/../lib/gcc/arm-none-eabi/10.3.1/../../../../arm-none-eabi/lib/thumb/v7e-m+fp/hard\libc_nano.a(lib_a-init.o)
 .ARM.attributes
                0x000000000000044f       0x34 c:/st/stm32cubeide_1.10.1/stm32cubeide/plugins/com.st.stm32cube.ide.mcu.externaltools.gnu-tools-for-stm32.10.3-2021.10.win32_1.0.0.202111181127/tools/bin/../lib/gcc/arm-none-eabi/10.3.1/../../../../arm-none-eabi/lib/thumb/v7e-m+fp/hard\libc_nano.a(lib_a-memset.o)
 .ARM.attributes
                0x0000000000000483       0x1e c:/st/stm32cubeide_1.10.1/stm32cubeide/plugins/com.st.stm32cube.ide.mcu.externaltools.gnu-tools-for-stm32.10.3-2021.10.win32_1.0.0.202111181127/tools/bin/../lib/gcc/arm-none-eabi/10.3.1/thumb/v7e-m+fp/hard\libgcc.a(_aeabi_uldivmod.o)
 .ARM.attributes
                0x00000000000004a1       0x34 c:/st/stm32cubeide_1.10.1/stm32cubeide/plugins/com.st.stm32cube.ide.mcu.externaltools.gnu-tools-for-stm32.10.3-2021.10.win32_1.0.0.202111181127/tools/bin/../lib/gcc/arm-none-eabi/10.3.1/thumb/v7e-m+fp/hard\libgcc.a(_udivmoddi4.o)
 .ARM.attributes
                0x00000000000004d5       0x1e c:/st/stm32cubeide_1.10.1/stm32cubeide/plugins/com.st.stm32cube.ide.mcu.externaltools.gnu-tools-for-stm32.10.3-2021.10.win32_1.0.0.202111181127/tools/bin/../lib/gcc/arm-none-eabi/10.3.1/thumb/v7e-m+fp/hard\libgcc.a(_dvmd_tls.o)
 .ARM.attributes
                0x00000000000004f3       0x1e c:/st/stm32cubeide_1.10.1/stm32cubeide/plugins/com.st.stm32cube.ide.mcu.externaltools.gnu-tools-for-stm32.10.3-2021.10.win32_1.0.0.202111181127/tools/bin/../lib/gcc/arm-none-eabi/10.3.1/thumb/v7e-m+fp/hard/crtn.o
OUTPUT(Macro_KeyPad.elf elf32-littlearm)
LOAD linker stubs
LOAD c:/st/stm32cubeide_1.10.1/stm32cubeide/plugins/com.st.stm32cube.ide.mcu.externaltools.gnu-tools-for-stm32.10.3-2021.10.win32_1.0.0.202111181127/tools/bin/../lib/gcc/arm-none-eabi/10.3.1/../../../../arm-none-eabi/lib/thumb/v7e-m+fp/hard\libc.a
LOAD c:/st/stm32cubeide_1.10.1/stm32cubeide/plugins/com.st.stm32cube.ide.mcu.externaltools.gnu-tools-for-stm32.10.3-2021.10.win32_1.0.0.202111181127/tools/bin/../lib/gcc/arm-none-eabi/10.3.1/../../../../arm-none-eabi/lib/thumb/v7e-m+fp/hard\libm.a
LOAD c:/st/stm32cubeide_1.10.1/stm32cubeide/plugins/com.st.stm32cube.ide.mcu.externaltools.gnu-tools-for-stm32.10.3-2021.10.win32_1.0.0.202111181127/tools/bin/../lib/gcc/arm-none-eabi/10.3.1/thumb/v7e-m+fp/hard\libgcc.a

.debug_info     0x0000000000000000     0xcff1
 .debug_info    0x0000000000000000      0xc93 ./Core/Src/main.o
 .debug_info    0x0000000000000c93      0x2d4 ./Core/Src/stm32f4xx_hal_msp.o
 .debug_info    0x0000000000000f67      0x650 ./Core/Src/stm32f4xx_it.o
 .debug_info    0x00000000000015b7      0x54f ./Core/Src/system_stm32f4xx.o
 .debug_info    0x0000000000001b06       0x22 ./Core/Startup/startup_stm32f401ccux.o
 .debug_info    0x0000000000001b28      0x906 ./Drivers/STM32F4xx_HAL_Driver/Src/stm32f4xx_hal.o
 .debug_info    0x000000000000242e      0xd85 ./Drivers/STM32F4xx_HAL_Driver/Src/stm32f4xx_hal_cortex.o
 .debug_info    0x00000000000031b3      0x78e ./Drivers/STM32F4xx_HAL_Driver/Src/stm32f4xx_hal_gpio.o
 .debug_info    0x0000000000003941     0x168d ./Drivers/STM32F4xx_HAL_Driver/Src/stm32f4xx_hal_pcd.o
 .debug_info    0x0000000000004fce      0x717 ./Drivers/STM32F4xx_HAL_Driver/Src/stm32f4xx_hal_pcd_ex.o
 .debug_info    0x00000000000056e5      0x98c ./Drivers/STM32F4xx_HAL_Driver/Src/stm32f4xx_hal_rcc.o
 .debug_info    0x0000000000006071     0x1a97 ./Drivers/STM32F4xx_HAL_Driver/Src/stm32f4xx_ll_usb.o
 .debug_info    0x0000000000007b08      0xb0b ./Middlewares/ST/STM32_USB_Device_Library/Class/HID/Src/usbd_hid.o
 .debug_info    0x0000000000008613      0xee7 ./Middlewares/ST/STM32_USB_Device_Library/Core/Src/usbd_core.o
 .debug_info    0x00000000000094fa      0xb7f ./Middlewares/ST/STM32_USB_Device_Library/Core/Src/usbd_ctlreq.o
 .debug_info    0x000000000000a079      0x7da ./Middlewares/ST/STM32_USB_Device_Library/Core/Src/usbd_ioreq.o
 .debug_info    0x000000000000a853      0x661 ./USB_DEVICE/App/usb_device.o
 .debug_info    0x000000000000aeb4      0x498 ./USB_DEVICE/App/usbd_desc.o
 .debug_info    0x000000000000b34c     0x1ca5 ./USB_DEVICE/Target/usbd_conf.o

.debug_abbrev   0x0000000000000000     0x2666
 .debug_abbrev  0x0000000000000000      0x290 ./Core/Src/main.o
 .debug_abbrev  0x0000000000000290       0xd4 ./Core/Src/stm32f4xx_hal_msp.o
 .debug_abbrev  0x0000000000000364      0x199 ./Core/Src/stm32f4xx_it.o
 .debug_abbrev  0x00000000000004fd      0x116 ./Core/Src/system_stm32f4xx.o
 .debug_abbrev  0x0000000000000613       0x12 ./Core/Startup/startup_stm32f401ccux.o
 .debug_abbrev  0x0000000000000625      0x23e ./Drivers/STM32F4xx_HAL_Driver/Src/stm32f4xx_hal.o
 .debug_abbrev  0x0000000000000863      0x316 ./Drivers/STM32F4xx_HAL_Driver/Src/stm32f4xx_hal_cortex.o
 .debug_abbrev  0x0000000000000b79      0x1c4 ./Drivers/STM32F4xx_HAL_Driver/Src/stm32f4xx_hal_gpio.o
 .debug_abbrev  0x0000000000000d3d      0x2bb ./Drivers/STM32F4xx_HAL_Driver/Src/stm32f4xx_hal_pcd.o
 .debug_abbrev  0x0000000000000ff8      0x1ce ./Drivers/STM32F4xx_HAL_Driver/Src/stm32f4xx_hal_pcd_ex.o
 .debug_abbrev  0x00000000000011c6      0x2aa ./Drivers/STM32F4xx_HAL_Driver/Src/stm32f4xx_hal_rcc.o
 .debug_abbrev  0x0000000000001470      0x296 ./Drivers/STM32F4xx_HAL_Driver/Src/stm32f4xx_ll_usb.o
 .debug_abbrev  0x0000000000001706      0x291 ./Middlewares/ST/STM32_USB_Device_Library/Class/HID/Src/usbd_hid.o
 .debug_abbrev  0x0000000000001997      0x263 ./Middlewares/ST/STM32_USB_Device_Library/Core/Src/usbd_core.o
 .debug_abbrev  0x0000000000001bfa      0x25c ./Middlewares/ST/STM32_USB_Device_Library/Core/Src/usbd_ctlreq.o
 .debug_abbrev  0x0000000000001e56      0x18a ./Middlewares/ST/STM32_USB_Device_Library/Core/Src/usbd_ioreq.o
 .debug_abbrev  0x0000000000001fe0      0x181 ./USB_DEVICE/App/usb_device.o
 .debug_abbrev  0x0000000000002161      0x1da ./USB_DEVICE/App/usbd_desc.o
 .debug_abbrev  0x000000000000233b      0x32b ./USB_DEVICE/Target/usbd_conf.o

.debug_aranges  0x0000000000000000      0xac8
 .debug_aranges
                0x0000000000000000       0x38 ./Core/Src/main.o
 .debug_aranges
                0x0000000000000038       0x20 ./Core/Src/stm32f4xx_hal_msp.o
 .debug_aranges
                0x0000000000000058       0x68 ./Core/Src/stm32f4xx_it.o
 .debug_aranges
                0x00000000000000c0       0x28 ./Core/Src/system_stm32f4xx.o
 .debug_aranges
                0x00000000000000e8       0x28 ./Core/Startup/startup_stm32f401ccux.o
 .debug_aranges
                0x0000000000000110       0xf0 ./Drivers/STM32F4xx_HAL_Driver/Src/stm32f4xx_hal.o
 .debug_aranges
                0x0000000000000200      0x118 ./Drivers/STM32F4xx_HAL_Driver/Src/stm32f4xx_hal_cortex.o
 .debug_aranges
                0x0000000000000318       0x58 ./Drivers/STM32F4xx_HAL_Driver/Src/stm32f4xx_hal_gpio.o
 .debug_aranges
                0x0000000000000370      0x148 ./Drivers/STM32F4xx_HAL_Driver/Src/stm32f4xx_hal_pcd.o
 .debug_aranges
                0x00000000000004b8       0x38 ./Drivers/STM32F4xx_HAL_Driver/Src/stm32f4xx_hal_pcd_ex.o
 .debug_aranges
                0x00000000000004f0       0x88 ./Drivers/STM32F4xx_HAL_Driver/Src/stm32f4xx_hal_rcc.o
 .debug_aranges
                0x0000000000000578      0x1a0 ./Drivers/STM32F4xx_HAL_Driver/Src/stm32f4xx_ll_usb.o
 .debug_aranges
                0x0000000000000718       0x68 ./Middlewares/ST/STM32_USB_Device_Library/Class/HID/Src/usbd_hid.o
 .debug_aranges
                0x0000000000000780       0xd8 ./Middlewares/ST/STM32_USB_Device_Library/Core/Src/usbd_core.o
 .debug_aranges
                0x0000000000000858       0x90 ./Middlewares/ST/STM32_USB_Device_Library/Core/Src/usbd_ctlreq.o
 .debug_aranges
                0x00000000000008e8       0x50 ./Middlewares/ST/STM32_USB_Device_Library/Core/Src/usbd_ioreq.o
 .debug_aranges
                0x0000000000000938       0x20 ./USB_DEVICE/App/usb_device.o
 .debug_aranges
                0x0000000000000958       0x60 ./USB_DEVICE/App/usbd_desc.o
 .debug_aranges
                0x00000000000009b8      0x110 ./USB_DEVICE/Target/usbd_conf.o

.debug_ranges   0x0000000000000000      0x9a0
 .debug_ranges  0x0000000000000000       0x28 ./Core/Src/main.o
 .debug_ranges  0x0000000000000028       0x10 ./Core/Src/stm32f4xx_hal_msp.o
 .debug_ranges  0x0000000000000038       0x58 ./Core/Src/stm32f4xx_it.o
 .debug_ranges  0x0000000000000090       0x18 ./Core/Src/system_stm32f4xx.o
 .debug_ranges  0x00000000000000a8       0x20 ./Core/Startup/startup_stm32f401ccux.o
 .debug_ranges  0x00000000000000c8       0xe0 ./Drivers/STM32F4xx_HAL_Driver/Src/stm32f4xx_hal.o
 .debug_ranges  0x00000000000001a8      0x108 ./Drivers/STM32F4xx_HAL_Driver/Src/stm32f4xx_hal_cortex.o
 .debug_ranges  0x00000000000002b0       0x48 ./Drivers/STM32F4xx_HAL_Driver/Src/stm32f4xx_hal_gpio.o
 .debug_ranges  0x00000000000002f8      0x138 ./Drivers/STM32F4xx_HAL_Driver/Src/stm32f4xx_hal_pcd.o
 .debug_ranges  0x0000000000000430       0x28 ./Drivers/STM32F4xx_HAL_Driver/Src/stm32f4xx_hal_pcd_ex.o
 .debug_ranges  0x0000000000000458       0x78 ./Drivers/STM32F4xx_HAL_Driver/Src/stm32f4xx_hal_rcc.o
 .debug_ranges  0x00000000000004d0      0x190 ./Drivers/STM32F4xx_HAL_Driver/Src/stm32f4xx_ll_usb.o
 .debug_ranges  0x0000000000000660       0x58 ./Middlewares/ST/STM32_USB_Device_Library/Class/HID/Src/usbd_hid.o
 .debug_ranges  0x00000000000006b8       0xc8 ./Middlewares/ST/STM32_USB_Device_Library/Core/Src/usbd_core.o
 .debug_ranges  0x0000000000000780       0x80 ./Middlewares/ST/STM32_USB_Device_Library/Core/Src/usbd_ctlreq.o
 .debug_ranges  0x0000000000000800       0x40 ./Middlewares/ST/STM32_USB_Device_Library/Core/Src/usbd_ioreq.o
 .debug_ranges  0x0000000000000840       0x10 ./USB_DEVICE/App/usb_device.o
 .debug_ranges  0x0000000000000850       0x50 ./USB_DEVICE/App/usbd_desc.o
 .debug_ranges  0x00000000000008a0      0x100 ./USB_DEVICE/Target/usbd_conf.o

.debug_macro    0x0000000000000000    0x17bc7
 .debug_macro   0x0000000000000000      0x409 ./Core/Src/main.o
 .debug_macro   0x0000000000000409      0xa78 ./Core/Src/main.o
 .debug_macro   0x0000000000000e81      0x295 ./Core/Src/main.o
 .debug_macro   0x0000000000001116       0x2e ./Core/Src/main.o
 .debug_macro   0x0000000000001144       0x28 ./Core/Src/main.o
 .debug_macro   0x000000000000116c       0x22 ./Core/Src/main.o
 .debug_macro   0x000000000000118e       0x8e ./Core/Src/main.o
 .debug_macro   0x000000000000121c       0x51 ./Core/Src/main.o
 .debug_macro   0x000000000000126d      0x103 ./Core/Src/main.o
 .debug_macro   0x0000000000001370       0x6a ./Core/Src/main.o
 .debug_macro   0x00000000000013da      0x1df ./Core/Src/main.o
 .debug_macro   0x00000000000015b9       0x1c ./Core/Src/main.o
 .debug_macro   0x00000000000015d5       0x22 ./Core/Src/main.o
 .debug_macro   0x00000000000015f7       0xd9 ./Core/Src/main.o
 .debug_macro   0x00000000000016d0     0x102d ./Core/Src/main.o
 .debug_macro   0x00000000000026fd      0x11f ./Core/Src/main.o
 .debug_macro   0x000000000000281c     0xb86c ./Core/Src/main.o
 .debug_macro   0x000000000000e088       0x6d ./Core/Src/main.o
 .debug_macro   0x000000000000e0f5     0x367e ./Core/Src/main.o
 .debug_macro   0x0000000000011773      0x174 ./Core/Src/main.o
 .debug_macro   0x00000000000118e7       0x5c ./Core/Src/main.o
 .debug_macro   0x0000000000011943      0x416 ./Core/Src/main.o
 .debug_macro   0x0000000000011d59      0x9fe ./Core/Src/main.o
 .debug_macro   0x0000000000012757      0x115 ./Core/Src/main.o
 .debug_macro   0x000000000001286c       0xf8 ./Core/Src/main.o
 .debug_macro   0x0000000000012964       0xa5 ./Core/Src/main.o
 .debug_macro   0x0000000000012a09      0x15f ./Core/Src/main.o
 .debug_macro   0x0000000000012b68      0x287 ./Core/Src/main.o
 .debug_macro   0x0000000000012def       0x5f ./Core/Src/main.o
 .debug_macro   0x0000000000012e4e      0x236 ./Core/Src/main.o
 .debug_macro   0x0000000000013084      0x132 ./Core/Src/main.o
 .debug_macro   0x00000000000131b6      0x23a ./Core/Src/main.o
 .debug_macro   0x00000000000133f0       0x2e ./Core/Src/main.o
 .debug_macro   0x000000000001341e      0x11a ./Core/Src/main.o
 .debug_macro   0x0000000000013538       0x85 ./Core/Src/main.o
 .debug_macro   0x00000000000135bd       0x89 ./Core/Src/main.o
 .debug_macro   0x0000000000013646      0x248 ./Core/Src/main.o
 .debug_macro   0x000000000001388e       0xba ./Core/Src/main.o
 .debug_macro   0x0000000000013948      0x126 ./Core/Src/main.o
 .debug_macro   0x0000000000013a6e       0x10 ./Core/Src/main.o
 .debug_macro   0x0000000000013a7e       0x52 ./Core/Src/main.o
 .debug_macro   0x0000000000013ad0       0x1e ./Core/Src/main.o
 .debug_macro   0x0000000000013aee       0x3c ./Core/Src/main.o
 .debug_macro   0x0000000000013b2a       0x34 ./Core/Src/main.o
 .debug_macro   0x0000000000013b5e       0x16 ./Core/Src/main.o
 .debug_macro   0x0000000000013b74       0x35 ./Core/Src/main.o
 .debug_macro   0x0000000000013ba9      0x341 ./Core/Src/main.o
 .debug_macro   0x0000000000013eea       0x10 ./Core/Src/main.o
 .debug_macro   0x0000000000013efa       0x16 ./Core/Src/main.o
 .debug_macro   0x0000000000013f10       0x43 ./Core/Src/main.o
 .debug_macro   0x0000000000013f53       0x34 ./Core/Src/main.o
 .debug_macro   0x0000000000013f87       0x10 ./Core/Src/main.o
 .debug_macro   0x0000000000013f97       0x58 ./Core/Src/main.o
 .debug_macro   0x0000000000013fef       0x71 ./Core/Src/main.o
 .debug_macro   0x0000000000014060       0x1c ./Core/Src/main.o
 .debug_macro   0x000000000001407c      0x12a ./Core/Src/main.o
 .debug_macro   0x00000000000141a6       0x10 ./Core/Src/main.o
 .debug_macro   0x00000000000141b6       0x1c ./Core/Src/main.o
 .debug_macro   0x00000000000141d2       0x52 ./Core/Src/main.o
 .debug_macro   0x0000000000014224       0x22 ./Core/Src/main.o
 .debug_macro   0x0000000000014246       0x10 ./Core/Src/main.o
 .debug_macro   0x0000000000014256       0x52 ./Core/Src/main.o
 .debug_macro   0x00000000000142a8       0xd5 ./Core/Src/main.o
 .debug_macro   0x000000000001437d       0x1c ./Core/Src/main.o
 .debug_macro   0x0000000000014399       0x3d ./Core/Src/main.o
 .debug_macro   0x00000000000143d6       0x16 ./Core/Src/main.o
 .debug_macro   0x00000000000143ec      0x145 ./Core/Src/main.o
 .debug_macro   0x0000000000014531       0x16 ./Core/Src/main.o
 .debug_macro   0x0000000000014547       0x16 ./Core/Src/main.o
 .debug_macro   0x000000000001455d       0x29 ./Core/Src/main.o
 .debug_macro   0x0000000000014586       0x16 ./Core/Src/main.o
 .debug_macro   0x000000000001459c       0x20 ./Core/Src/main.o
 .debug_macro   0x00000000000145bc       0x6b ./Core/Src/main.o
 .debug_macro   0x0000000000014627      0x20f ./Core/Src/main.o
 .debug_macro   0x0000000000014836       0x5f ./Core/Src/main.o
 .debug_macro   0x0000000000014895      0x1e3 ./Core/Src/stm32f4xx_hal_msp.o
 .debug_macro   0x0000000000014a78      0x1ed ./Core/Src/stm32f4xx_it.o
 .debug_macro   0x0000000000014c65      0x1d4 ./Core/Src/system_stm32f4xx.o
 .debug_macro   0x0000000000014e39      0x234 ./Drivers/STM32F4xx_HAL_Driver/Src/stm32f4xx_hal.o
 .debug_macro   0x000000000001506d      0x1d4 ./Drivers/STM32F4xx_HAL_Driver/Src/stm32f4xx_hal_cortex.o
 .debug_macro   0x0000000000015241      0x1da ./Drivers/STM32F4xx_HAL_Driver/Src/stm32f4xx_hal_gpio.o
 .debug_macro   0x000000000001541b      0x1e0 ./Drivers/STM32F4xx_HAL_Driver/Src/stm32f4xx_hal_pcd.o
 .debug_macro   0x00000000000155fb      0x1d4 ./Drivers/STM32F4xx_HAL_Driver/Src/stm32f4xx_hal_pcd_ex.o
 .debug_macro   0x00000000000157cf      0x1f8 ./Drivers/STM32F4xx_HAL_Driver/Src/stm32f4xx_hal_rcc.o
 .debug_macro   0x00000000000159c7      0x1d4 ./Drivers/STM32F4xx_HAL_Driver/Src/stm32f4xx_ll_usb.o
 .debug_macro   0x0000000000015b9b      0x3f9 ./Middlewares/ST/STM32_USB_Device_Library/Class/HID/Src/usbd_hid.o
 .debug_macro   0x0000000000015f94       0x97 ./Middlewares/ST/STM32_USB_Device_Library/Class/HID/Src/usbd_hid.o
 .debug_macro   0x000000000001602b       0xfd ./Middlewares/ST/STM32_USB_Device_Library/Class/HID/Src/usbd_hid.o
 .debug_macro   0x0000000000016128       0x56 ./Middlewares/ST/STM32_USB_Device_Library/Class/HID/Src/usbd_hid.o
 .debug_macro   0x000000000001617e      0x3e0 ./Middlewares/ST/STM32_USB_Device_Library/Core/Src/usbd_core.o
 .debug_macro   0x000000000001655e      0x215 ./Middlewares/ST/STM32_USB_Device_Library/Core/Src/usbd_core.o
 .debug_macro   0x0000000000016773      0x3ea ./Middlewares/ST/STM32_USB_Device_Library/Core/Src/usbd_ctlreq.o
 .debug_macro   0x0000000000016b5d      0x3e6 ./Middlewares/ST/STM32_USB_Device_Library/Core/Src/usbd_ioreq.o
 .debug_macro   0x0000000000016f43      0x410 ./USB_DEVICE/App/usb_device.o
 .debug_macro   0x0000000000017353       0x16 ./USB_DEVICE/App/usb_device.o
 .debug_macro   0x0000000000017369       0x22 ./USB_DEVICE/App/usb_device.o
 .debug_macro   0x000000000001738b      0x423 ./USB_DEVICE/App/usbd_desc.o
 .debug_macro   0x00000000000177ae       0x1c ./USB_DEVICE/App/usbd_desc.o
 .debug_macro   0x00000000000177ca      0x3fd ./USB_DEVICE/Target/usbd_conf.o

.debug_line     0x0000000000000000     0xdee0
 .debug_line    0x0000000000000000      0xac1 ./Core/Src/main.o
 .debug_line    0x0000000000000ac1      0x6b9 ./Core/Src/stm32f4xx_hal_msp.o
 .debug_line    0x000000000000117a      0x794 ./Core/Src/stm32f4xx_it.o
 .debug_line    0x000000000000190e      0x73b ./Core/Src/system_stm32f4xx.o
 .debug_line    0x0000000000002049       0x88 ./Core/Startup/startup_stm32f401ccux.o
 .debug_line    0x00000000000020d1      0x9a1 ./Drivers/STM32F4xx_HAL_Driver/Src/stm32f4xx_hal.o
 .debug_line    0x0000000000002a72      0xc50 ./Drivers/STM32F4xx_HAL_Driver/Src/stm32f4xx_hal_cortex.o
 .debug_line    0x00000000000036c2      0xad9 ./Drivers/STM32F4xx_HAL_Driver/Src/stm32f4xx_hal_gpio.o
 .debug_line    0x000000000000419b     0x1444 ./Drivers/STM32F4xx_HAL_Driver/Src/stm32f4xx_hal_pcd.o
 .debug_line    0x00000000000055df      0x784 ./Drivers/STM32F4xx_HAL_Driver/Src/stm32f4xx_hal_pcd_ex.o
 .debug_line    0x0000000000005d63      0xd1b ./Drivers/STM32F4xx_HAL_Driver/Src/stm32f4xx_hal_rcc.o
 .debug_line    0x0000000000006a7e     0x1a5e ./Drivers/STM32F4xx_HAL_Driver/Src/stm32f4xx_ll_usb.o
 .debug_line    0x00000000000084dc      0xc71 ./Middlewares/ST/STM32_USB_Device_Library/Class/HID/Src/usbd_hid.o
 .debug_line    0x000000000000914d      0xf46 ./Middlewares/ST/STM32_USB_Device_Library/Core/Src/usbd_core.o
 .debug_line    0x000000000000a093     0x1117 ./Middlewares/ST/STM32_USB_Device_Library/Core/Src/usbd_ctlreq.o
 .debug_line    0x000000000000b1aa      0xa5e ./Middlewares/ST/STM32_USB_Device_Library/Core/Src/usbd_ioreq.o
 .debug_line    0x000000000000bc08      0x9ff ./USB_DEVICE/App/usb_device.o
 .debug_line    0x000000000000c607      0xae3 ./USB_DEVICE/App/usbd_desc.o
 .debug_line    0x000000000000d0ea      0xdf6 ./USB_DEVICE/Target/usbd_conf.o

.debug_str      0x0000000000000000    0x85ffc
 .debug_str     0x0000000000000000    0x830af ./Core/Src/main.o
                                      0x8340b (size before relaxing)
 .debug_str     0x00000000000830af       0x2c ./Core/Src/stm32f4xx_hal_msp.o
                                      0x7e291 (size before relaxing)
 .debug_str     0x00000000000830db      0x46e ./Core/Src/stm32f4xx_it.o
                                      0x7e61b (size before relaxing)
 .debug_str     0x0000000000083549       0xdb ./Core/Src/system_stm32f4xx.o
                                      0x7e313 (size before relaxing)
 .debug_str     0x0000000000083624       0x36 ./Core/Startup/startup_stm32f401ccux.o
                                         0x76 (size before relaxing)
 .debug_str     0x000000000008365a      0x9ae ./Drivers/STM32F4xx_HAL_Driver/Src/stm32f4xx_hal.o
                                      0x7ed35 (size before relaxing)
 .debug_str     0x0000000000084008      0x359 ./Drivers/STM32F4xx_HAL_Driver/Src/stm32f4xx_hal_cortex.o
                                      0x7ea56 (size before relaxing)
 .debug_str     0x0000000000084361      0x16d ./Drivers/STM32F4xx_HAL_Driver/Src/stm32f4xx_hal_gpio.o
                                      0x7e48e (size before relaxing)
 .debug_str     0x00000000000844ce      0x832 ./Drivers/STM32F4xx_HAL_Driver/Src/stm32f4xx_hal_pcd.o
                                      0x7edc3 (size before relaxing)
 .debug_str     0x0000000000084d00      0x115 ./Drivers/STM32F4xx_HAL_Driver/Src/stm32f4xx_hal_pcd_ex.o
                                      0x7e6b2 (size before relaxing)
 .debug_str     0x0000000000084e15      0x21f ./Drivers/STM32F4xx_HAL_Driver/Src/stm32f4xx_hal_rcc.o
                                      0x7e747 (size before relaxing)
 .debug_str     0x0000000000085034      0x441 ./Drivers/STM32F4xx_HAL_Driver/Src/stm32f4xx_ll_usb.o
                                      0x7ec2b (size before relaxing)
 .debug_str     0x0000000000085475      0x2ec ./Middlewares/ST/STM32_USB_Device_Library/Class/HID/Src/usbd_hid.o
                                      0x83335 (size before relaxing)
 .debug_str     0x0000000000085761      0x366 ./Middlewares/ST/STM32_USB_Device_Library/Core/Src/usbd_core.o
                                      0x832cd (size before relaxing)
 .debug_str     0x0000000000085ac7      0x139 ./Middlewares/ST/STM32_USB_Device_Library/Core/Src/usbd_ctlreq.o
                                      0x830f8 (size before relaxing)
 .debug_str     0x0000000000085c00       0x79 ./Middlewares/ST/STM32_USB_Device_Library/Core/Src/usbd_ioreq.o
                                      0x82fcd (size before relaxing)
 .debug_str     0x0000000000085c79       0xa2 ./USB_DEVICE/App/usb_device.o
                                      0x83142 (size before relaxing)
 .debug_str     0x0000000000085d1b      0x26e ./USB_DEVICE/App/usbd_desc.o
                                      0x82ecd (size before relaxing)
 .debug_str     0x0000000000085f89       0x73 ./USB_DEVICE/Target/usbd_conf.o
                                      0x83ed7 (size before relaxing)

.comment        0x0000000000000000       0x50
 .comment       0x0000000000000000       0x50 ./Core/Src/main.o
                                         0x51 (size before relaxing)
 .comment       0x0000000000000050       0x51 ./Core/Src/stm32f4xx_hal_msp.o
 .comment       0x0000000000000050       0x51 ./Core/Src/stm32f4xx_it.o
 .comment       0x0000000000000050       0x51 ./Core/Src/system_stm32f4xx.o
 .comment       0x0000000000000050       0x51 ./Drivers/STM32F4xx_HAL_Driver/Src/stm32f4xx_hal.o
 .comment       0x0000000000000050       0x51 ./Drivers/STM32F4xx_HAL_Driver/Src/stm32f4xx_hal_cortex.o
 .comment       0x0000000000000050       0x51 ./Drivers/STM32F4xx_HAL_Driver/Src/stm32f4xx_hal_gpio.o
 .comment       0x0000000000000050       0x51 ./Drivers/STM32F4xx_HAL_Driver/Src/stm32f4xx_hal_pcd.o
 .comment       0x0000000000000050       0x51 ./Drivers/STM32F4xx_HAL_Driver/Src/stm32f4xx_hal_pcd_ex.o
 .comment       0x0000000000000050       0x51 ./Drivers/STM32F4xx_HAL_Driver/Src/stm32f4xx_hal_rcc.o
 .comment       0x0000000000000050       0x51 ./Drivers/STM32F4xx_HAL_Driver/Src/stm32f4xx_ll_usb.o
 .comment       0x0000000000000050       0x51 ./Middlewares/ST/STM32_USB_Device_Library/Class/HID/Src/usbd_hid.o
 .comment       0x0000000000000050       0x51 ./Middlewares/ST/STM32_USB_Device_Library/Core/Src/usbd_core.o
 .comment       0x0000000000000050       0x51 ./Middlewares/ST/STM32_USB_Device_Library/Core/Src/usbd_ctlreq.o
 .comment       0x0000000000000050       0x51 ./Middlewares/ST/STM32_USB_Device_Library/Core/Src/usbd_ioreq.o
 .comment       0x0000000000000050       0x51 ./USB_DEVICE/App/usb_device.o
 .comment       0x0000000000000050       0x51 ./USB_DEVICE/App/usbd_desc.o
 .comment       0x0000000000000050       0x51 ./USB_DEVICE/Target/usbd_conf.o

.debug_frame    0x0000000000000000     0x2ac4
 .debug_frame   0x0000000000000000       0x8c ./Core/Src/main.o
 .debug_frame   0x000000000000008c       0x38 ./Core/Src/stm32f4xx_hal_msp.o
 .debug_frame   0x00000000000000c4      0x120 ./Core/Src/stm32f4xx_it.o
 .debug_frame   0x00000000000001e4       0x58 ./Core/Src/system_stm32f4xx.o
 .debug_frame   0x000000000000023c      0x374 ./Drivers/STM32F4xx_HAL_Driver/Src/stm32f4xx_hal.o
 .debug_frame   0x00000000000005b0      0x498 ./Drivers/STM32F4xx_HAL_Driver/Src/stm32f4xx_hal_cortex.o
 .debug_frame   0x0000000000000a48      0x14c ./Drivers/STM32F4xx_HAL_Driver/Src/stm32f4xx_hal_gpio.o
 .debug_frame   0x0000000000000b94      0x5bc ./Drivers/STM32F4xx_HAL_Driver/Src/stm32f4xx_hal_pcd.o
 .debug_frame   0x0000000000001150       0xb0 ./Drivers/STM32F4xx_HAL_Driver/Src/stm32f4xx_hal_pcd_ex.o
 .debug_frame   0x0000000000001200      0x1f4 ./Drivers/STM32F4xx_HAL_Driver/Src/stm32f4xx_hal_rcc.o
 .debug_frame   0x00000000000013f4      0x7c0 ./Drivers/STM32F4xx_HAL_Driver/Src/stm32f4xx_ll_usb.o
 .debug_frame   0x0000000000001bb4      0x184 ./Middlewares/ST/STM32_USB_Device_Library/Class/HID/Src/usbd_hid.o
 .debug_frame   0x0000000000001d38      0x390 ./Middlewares/ST/STM32_USB_Device_Library/Core/Src/usbd_core.o
 .debug_frame   0x00000000000020c8      0x23c ./Middlewares/ST/STM32_USB_Device_Library/Core/Src/usbd_ctlreq.o
 .debug_frame   0x0000000000002304      0x10c ./Middlewares/ST/STM32_USB_Device_Library/Core/Src/usbd_ioreq.o
 .debug_frame   0x0000000000002410       0x2c ./USB_DEVICE/App/usb_device.o
 .debug_frame   0x000000000000243c      0x160 ./USB_DEVICE/App/usbd_desc.o
 .debug_frame   0x000000000000259c      0x47c ./USB_DEVICE/Target/usbd_conf.o
 .debug_frame   0x0000000000002a18       0x2c c:/st/stm32cubeide_1.10.1/stm32cubeide/plugins/com.st.stm32cube.ide.mcu.externaltools.gnu-tools-for-stm32.10.3-2021.10.win32_1.0.0.202111181127/tools/bin/../lib/gcc/arm-none-eabi/10.3.1/../../../../arm-none-eabi/lib/thumb/v7e-m+fp/hard\libc_nano.a(lib_a-init.o)
 .debug_frame   0x0000000000002a44       0x20 c:/st/stm32cubeide_1.10.1/stm32cubeide/plugins/com.st.stm32cube.ide.mcu.externaltools.gnu-tools-for-stm32.10.3-2021.10.win32_1.0.0.202111181127/tools/bin/../lib/gcc/arm-none-eabi/10.3.1/../../../../arm-none-eabi/lib/thumb/v7e-m+fp/hard\libc_nano.a(lib_a-memset.o)
 .debug_frame   0x0000000000002a64       0x2c c:/st/stm32cubeide_1.10.1/stm32cubeide/plugins/com.st.stm32cube.ide.mcu.externaltools.gnu-tools-for-stm32.10.3-2021.10.win32_1.0.0.202111181127/tools/bin/../lib/gcc/arm-none-eabi/10.3.1/thumb/v7e-m+fp/hard\libgcc.a(_aeabi_uldivmod.o)
 .debug_frame   0x0000000000002a90       0x34 c:/st/stm32cubeide_1.10.1/stm32cubeide/plugins/com.st.stm32cube.ide.mcu.externaltools.gnu-tools-for-stm32.10.3-2021.10.win32_1.0.0.202111181127/tools/bin/../lib/gcc/arm-none-eabi/10.3.1/thumb/v7e-m+fp/hard\libgcc.a(_udivmoddi4.o)
